Severity	Code	Description	Project	File	Line	Suppression State	Details
Error	C2838	'checkGlError': illegal qualified name in member declaration	Alpha126Cpp	D:\stupid shit\a126cpp\a126cpp\src\client\Minecraft.cpp	231		
Error	C2838	'blit': illegal qualified name in member declaration	Alpha126Cpp	D:\stupid shit\a126cpp\a126cpp\src\client\Minecraft.cpp	180		
Error	C2838	'canHarvestBlock': illegal qualified name in member declaration	Alpha126Cpp	D:\stupid shit\a126cpp\a126cpp\src\world\item\ItemPickaxe.cpp	16		
Error	C2838	'canHarvestBlock': illegal qualified name in member declaration	Alpha126Cpp	D:\stupid shit\a126cpp\a126cpp\src\world\item\ItemSpade.cpp	14		
Error	C2838	'frameTimePos': illegal qualified name in member declaration	Alpha126Cpp	D:\stupid shit\a126cpp\a126cpp\src\client\Minecraft.cpp	45		
Error	C2838	'frameTimes': illegal qualified name in member declaration	Alpha126Cpp	D:\stupid shit\a126cpp\a126cpp\src\client\Minecraft.cpp	43		
Error	C2838	'gatherStats1': illegal qualified name in member declaration	Alpha126Cpp	D:\stupid shit\a126cpp\a126cpp\src\client\Minecraft.cpp	1120		
Error	C2838	'gatherStats2': illegal qualified name in member declaration	Alpha126Cpp	D:\stupid shit\a126cpp\a126cpp\src\client\Minecraft.cpp	1125		
Error	C2838	'gatherStats3': illegal qualified name in member declaration	Alpha126Cpp	D:\stupid shit\a126cpp\a126cpp\src\client\Minecraft.cpp	1135		
Error	C2838	'gatherStats4': illegal qualified name in member declaration	Alpha126Cpp	D:\stupid shit\a126cpp\a126cpp\src\client\Minecraft.cpp	1130		
Error	C2838	'generateFlyby': illegal qualified name in member declaration	Alpha126Cpp	D:\stupid shit\a126cpp\a126cpp\src\client\Minecraft.cpp	276		
Error	C2838	'getResource': illegal qualified name in member declaration	Alpha126Cpp	D:\stupid shit\a126cpp\a126cpp\src\world\level\tile\OreTile.cpp	15		
Error	C2838	'getWorkingDirectory': illegal qualified name in member declaration	Alpha126Cpp	D:\stupid shit\a126cpp\a126cpp\src\client\Minecraft.cpp	193		
Error	C2838	'grabMouse': illegal qualified name in member declaration	Alpha126Cpp	D:\stupid shit\a126cpp\a126cpp\src\client\Minecraft.cpp	624		
Error	C2838	'handleGrabTexture': illegal qualified name in member declaration	Alpha126Cpp	D:\stupid shit\a126cpp\a126cpp\src\client\Minecraft.cpp	777		
Error	C2838	'handleMouseClick': illegal qualified name in member declaration	Alpha126Cpp	D:\stupid shit\a126cpp\a126cpp\src\client\Minecraft.cpp	672		
Error	C2838	'handleMouseDown': illegal qualified name in member declaration	Alpha126Cpp	D:\stupid shit\a126cpp\a126cpp\src\client\Minecraft.cpp	651		
Error	C2838	'init': illegal qualified name in member declaration	Alpha126Cpp	D:\stupid shit\a126cpp\a126cpp\src\client\Minecraft.cpp	64		
Error	C2838	'isOnline': illegal qualified name in member declaration	Alpha126Cpp	D:\stupid shit\a126cpp\a126cpp\src\client\Minecraft.cpp	975		
Error	C3769	'Item': a nested class cannot have the same name as the immediately enclosing class	Alpha126Cpp	D:\stupid shit\a126cpp\a126cpp\src\world\item\ItemStack.h	5		
Error	C3769	'Item': a nested class cannot have the same name as the immediately enclosing class	Alpha126Cpp	D:\stupid shit\a126cpp\a126cpp\src\world\item\ItemStack.h	5		
Error	C2504	'Item': base class undefined	Alpha126Cpp	D:\stupid shit\a126cpp\a126cpp\src\world\item\ItemTool.h	11		
Error	C2504	'Item': base class undefined	Alpha126Cpp	D:\stupid shit\a126cpp\a126cpp\src\world\item\ItemTool.h	11		
Error	C2504	'Item': base class undefined	Alpha126Cpp	D:\stupid shit\a126cpp\a126cpp\src\world\item\ItemTool.h	11		
Error	C2504	'Item': base class undefined	Alpha126Cpp	D:\stupid shit\a126cpp\a126cpp\src\world\item\ItemTool.h	11		
Error	C2504	'Item': base class undefined	Alpha126Cpp	D:\stupid shit\a126cpp\a126cpp\src\world\item\ItemTool.h	11		
Error	C2504	'Item': base class undefined	Alpha126Cpp	D:\stupid shit\a126cpp\a126cpp\src\world\item\ItemTool.h	11		
Error	C2504	'Item': base class undefined	Alpha126Cpp	D:\stupid shit\a126cpp\a126cpp\src\world\item\ItemTool.h	11		
Error	C2504	'Item': base class undefined	Alpha126Cpp	D:\stupid shit\a126cpp\a126cpp\src\world\item\ItemTool.h	11		
Error	C3254	'Item': class contains explicit override 'blit' but does not derive from an interface that contains the function declaration	Alpha126Cpp	D:\stupid shit\a126cpp\a126cpp\src\client\Minecraft.cpp	180		
Error	C3254	'Item': class contains explicit override 'canHarvestBlock' but does not derive from an interface that contains the function declaration	Alpha126Cpp	D:\stupid shit\a126cpp\a126cpp\src\world\item\ItemPickaxe.cpp	16		
Error	C3254	'Item': class contains explicit override 'canHarvestBlock' but does not derive from an interface that contains the function declaration	Alpha126Cpp	D:\stupid shit\a126cpp\a126cpp\src\world\item\ItemSpade.cpp	14		
Error	C3254	'Item': class contains explicit override 'checkGlError' but does not derive from an interface that contains the function declaration	Alpha126Cpp	D:\stupid shit\a126cpp\a126cpp\src\client\Minecraft.cpp	231		
Error	C3254	'Item': class contains explicit override 'gatherStats1' but does not derive from an interface that contains the function declaration	Alpha126Cpp	D:\stupid shit\a126cpp\a126cpp\src\client\Minecraft.cpp	1120		
Error	C3254	'Item': class contains explicit override 'gatherStats2' but does not derive from an interface that contains the function declaration	Alpha126Cpp	D:\stupid shit\a126cpp\a126cpp\src\client\Minecraft.cpp	1125		
Error	C3254	'Item': class contains explicit override 'gatherStats3' but does not derive from an interface that contains the function declaration	Alpha126Cpp	D:\stupid shit\a126cpp\a126cpp\src\client\Minecraft.cpp	1135		
Error	C3254	'Item': class contains explicit override 'gatherStats4' but does not derive from an interface that contains the function declaration	Alpha126Cpp	D:\stupid shit\a126cpp\a126cpp\src\client\Minecraft.cpp	1130		
Error	C3254	'Item': class contains explicit override 'generateFlyby' but does not derive from an interface that contains the function declaration	Alpha126Cpp	D:\stupid shit\a126cpp\a126cpp\src\client\Minecraft.cpp	276		
Error	C3254	'Item': class contains explicit override 'getResource' but does not derive from an interface that contains the function declaration	Alpha126Cpp	D:\stupid shit\a126cpp\a126cpp\src\world\level\tile\OreTile.cpp	15		
Error	C3254	'Item': class contains explicit override 'getWorkingDirectory' but does not derive from an interface that contains the function declaration	Alpha126Cpp	D:\stupid shit\a126cpp\a126cpp\src\client\Minecraft.cpp	193		
Error	C3254	'Item': class contains explicit override 'grabMouse' but does not derive from an interface that contains the function declaration	Alpha126Cpp	D:\stupid shit\a126cpp\a126cpp\src\client\Minecraft.cpp	624		
Error	C3254	'Item': class contains explicit override 'handleGrabTexture' but does not derive from an interface that contains the function declaration	Alpha126Cpp	D:\stupid shit\a126cpp\a126cpp\src\client\Minecraft.cpp	777		
Error	C3254	'Item': class contains explicit override 'handleMouseClick' but does not derive from an interface that contains the function declaration	Alpha126Cpp	D:\stupid shit\a126cpp\a126cpp\src\client\Minecraft.cpp	672		
Error	C3254	'Item': class contains explicit override 'handleMouseDown' but does not derive from an interface that contains the function declaration	Alpha126Cpp	D:\stupid shit\a126cpp\a126cpp\src\client\Minecraft.cpp	651		
Error	C3254	'Item': class contains explicit override 'init' but does not derive from an interface that contains the function declaration	Alpha126Cpp	D:\stupid shit\a126cpp\a126cpp\src\client\Minecraft.cpp	64		
Error	C3254	'Item': class contains explicit override 'isOnline' but does not derive from an interface that contains the function declaration	Alpha126Cpp	D:\stupid shit\a126cpp\a126cpp\src\client\Minecraft.cpp	975		
Error	C3254	'Item': class contains explicit override 'onCrash' but does not derive from an interface that contains the function declaration	Alpha126Cpp	D:\stupid shit\a126cpp\a126cpp\src\client\Minecraft.cpp	59		
Error	C3254	'Item': class contains explicit override 'pauseGame' but does not derive from an interface that contains the function declaration	Alpha126Cpp	D:\stupid shit\a126cpp\a126cpp\src\client\Minecraft.cpp	644		
Error	C3254	'Item': class contains explicit override 'place' but does not derive from an interface that contains the function declaration	Alpha126Cpp	D:\stupid shit\a126cpp\a126cpp\src\world\level\levelgen\feature\MonsterRoomFeature.cpp	18		
Error	C3254	'Item': class contains explicit override 'prepareLevel' but does not derive from an interface that contains the function declaration	Alpha126Cpp	D:\stupid shit\a126cpp\a126cpp\src\client\Minecraft.cpp	1081		
Error	C3254	'Item': class contains explicit override 'randomEntityId' but does not derive from an interface that contains the function declaration	Alpha126Cpp	D:\stupid shit\a126cpp\a126cpp\src\world\level\levelgen\feature\MonsterRoomFeature.cpp	290		
Error	C3254	'Item': class contains explicit override 'randomItem' but does not derive from an interface that contains the function declaration	Alpha126Cpp	D:\stupid shit\a126cpp\a126cpp\src\world\level\levelgen\feature\MonsterRoomFeature.cpp	209		
Error	C3254	'Item': class contains explicit override 'releaseMouse' but does not derive from an interface that contains the function declaration	Alpha126Cpp	D:\stupid shit\a126cpp\a126cpp\src\client\Minecraft.cpp	636		
Error	C3254	'Item': class contains explicit override 'reloadSound' but does not derive from an interface that contains the function declaration	Alpha126Cpp	D:\stupid shit\a126cpp\a126cpp\src\client\Minecraft.cpp	969		
Error	C3254	'Item': class contains explicit override 'renderFpsMeter' but does not derive from an interface that contains the function declaration	Alpha126Cpp	D:\stupid shit\a126cpp\a126cpp\src\client\Minecraft.cpp	529		
Error	C3254	'Item': class contains explicit override 'renderLoadingScreen' but does not derive from an interface that contains the function declaration	Alpha126Cpp	D:\stupid shit\a126cpp\a126cpp\src\client\Minecraft.cpp	130		
Error	C3254	'Item': class contains explicit override 'resize' but does not derive from an interface that contains the function declaration	Alpha126Cpp	D:\stupid shit\a126cpp\a126cpp\src\client\Minecraft.cpp	758		
Error	C3254	'Item': class contains explicit override 'respawnPlayer' but does not derive from an interface that contains the function declaration	Alpha126Cpp	D:\stupid shit\a126cpp\a126cpp\src\client\Minecraft.cpp	1140		
Error	C3254	'Item': class contains explicit override 'run' but does not derive from an interface that contains the function declaration	Alpha126Cpp	D:\stupid shit\a126cpp\a126cpp\src\client\Minecraft.cpp	387		
Error	C3254	'Item': class contains explicit override 'selectLevel' but does not derive from an interface that contains the function declaration	Alpha126Cpp	D:\stupid shit\a126cpp\a126cpp\src\client\Minecraft.cpp	980		
Error	C3254	'Item': class contains explicit override 'setLevel' but does not derive from an interface that contains the function declaration	Alpha126Cpp	D:\stupid shit\a126cpp\a126cpp\src\client\Minecraft.cpp	1005		
Error	C3254	'Item': class contains explicit override 'setLevel' but does not derive from an interface that contains the function declaration	Alpha126Cpp	D:\stupid shit\a126cpp\a126cpp\src\client\Minecraft.cpp	1010		
Error	C3254	'Item': class contains explicit override 'setLevel' but does not derive from an interface that contains the function declaration	Alpha126Cpp	D:\stupid shit\a126cpp\a126cpp\src\client\Minecraft.cpp	1015		
Error	C3254	'Item': class contains explicit override 'setScreen' but does not derive from an interface that contains the function declaration	Alpha126Cpp	D:\stupid shit\a126cpp\a126cpp\src\client\Minecraft.cpp	205		
Error	C3254	'Item': class contains explicit override 'start' but does not derive from an interface that contains the function declaration	Alpha126Cpp	D:\stupid shit\a126cpp\a126cpp\src\client\Minecraft.cpp	1145		
Error	C3254	'Item': class contains explicit override 'startAndConnectTo' but does not derive from an interface that contains the function declaration	Alpha126Cpp	D:\stupid shit\a126cpp\a126cpp\src\client\Minecraft.cpp	1150		
Error	C3254	'Item': class contains explicit override 'stop' but does not derive from an interface that contains the function declaration	Alpha126Cpp	D:\stupid shit\a126cpp\a126cpp\src\client\Minecraft.cpp	619		
Error	C3254	'Item': class contains explicit override 'tick' but does not derive from an interface that contains the function declaration	Alpha126Cpp	D:\stupid shit\a126cpp\a126cpp\src\client\Minecraft.cpp	786		
Error	C3254	'Item': class contains explicit override 'toggleDimension' but does not derive from an interface that contains the function declaration	Alpha126Cpp	D:\stupid shit\a126cpp\a126cpp\src\client\Minecraft.cpp	992		
Error	C3254	'Item': class contains explicit override 'toggleFullscreen' but does not derive from an interface that contains the function declaration	Alpha126Cpp	D:\stupid shit\a126cpp\a126cpp\src\client\Minecraft.cpp	728		
Error	C3254	'Item': class contains explicit override '{ctor}' but does not derive from an interface that contains the function declaration	Alpha126Cpp	D:\stupid shit\a126cpp\a126cpp\src\client\Minecraft.cpp	49		
Error	C3254	'Item': class contains explicit override '{ctor}' but does not derive from an interface that contains the function declaration	Alpha126Cpp	D:\stupid shit\a126cpp\a126cpp\src\world\item\ItemAxe.cpp	8		
Error	C3254	'Item': class contains explicit override '{ctor}' but does not derive from an interface that contains the function declaration	Alpha126Cpp	D:\stupid shit\a126cpp\a126cpp\src\world\item\ItemPickaxe.cpp	10		
Error	C3254	'Item': class contains explicit override '{ctor}' but does not derive from an interface that contains the function declaration	Alpha126Cpp	D:\stupid shit\a126cpp\a126cpp\src\world\item\ItemSpade.cpp	9		
Error	C3254	'Item': class contains explicit override '{ctor}' but does not derive from an interface that contains the function declaration	Alpha126Cpp	D:\stupid shit\a126cpp\a126cpp\src\world\level\tile\OreTile.cpp	7		
Error	C3254	'Item': class contains explicit override '{dtor}' but does not derive from an interface that contains the function declaration	Alpha126Cpp	D:\stupid shit\a126cpp\a126cpp\src\client\Minecraft.cpp	271		
Error	C3668	'Item::ItemPickaxe::canHarvestBlock': method with override specifier 'override' did not override any base class methods	Alpha126Cpp	D:\stupid shit\a126cpp\a126cpp\src\world\item\ItemPickaxe.h	18		
Error	C3668	'Item::ItemPickaxe::canHarvestBlock': method with override specifier 'override' did not override any base class methods	Alpha126Cpp	D:\stupid shit\a126cpp\a126cpp\src\world\item\ItemPickaxe.h	18		
Error	C3668	'Item::ItemPickaxe::canHarvestBlock': method with override specifier 'override' did not override any base class methods	Alpha126Cpp	D:\stupid shit\a126cpp\a126cpp\src\world\item\ItemPickaxe.h	18		
Error	C3668	'Item::ItemPickaxe::canHarvestBlock': method with override specifier 'override' did not override any base class methods	Alpha126Cpp	D:\stupid shit\a126cpp\a126cpp\src\world\item\ItemPickaxe.h	18		
Error	C3668	'Item::ItemPickaxe::canHarvestBlock': method with override specifier 'override' did not override any base class methods	Alpha126Cpp	D:\stupid shit\a126cpp\a126cpp\src\world\item\ItemPickaxe.h	18		
Error	C3668	'Item::ItemSpade::canHarvestBlock': method with override specifier 'override' did not override any base class methods	Alpha126Cpp	D:\stupid shit\a126cpp\a126cpp\src\world\item\ItemSpade.h	15		
Error	C3668	'Item::ItemSpade::canHarvestBlock': method with override specifier 'override' did not override any base class methods	Alpha126Cpp	D:\stupid shit\a126cpp\a126cpp\src\world\item\ItemSpade.h	15		
Error	C3668	'Item::ItemSpade::canHarvestBlock': method with override specifier 'override' did not override any base class methods	Alpha126Cpp	D:\stupid shit\a126cpp\a126cpp\src\world\item\ItemSpade.h	15		
Error	C3668	'Item::ItemSpade::canHarvestBlock': method with override specifier 'override' did not override any base class methods	Alpha126Cpp	D:\stupid shit\a126cpp\a126cpp\src\world\item\ItemSpade.h	15		
Error	C3668	'Item::ItemSpade::canHarvestBlock': method with override specifier 'override' did not override any base class methods	Alpha126Cpp	D:\stupid shit\a126cpp\a126cpp\src\world\item\ItemSpade.h	15		
Error	C3668	'Item::ItemTool::getStrVsBlock': method with override specifier 'override' did not override any base class methods	Alpha126Cpp	D:\stupid shit\a126cpp\a126cpp\src\world\item\ItemTool.h	24		
Error	C3668	'Item::ItemTool::getStrVsBlock': method with override specifier 'override' did not override any base class methods	Alpha126Cpp	D:\stupid shit\a126cpp\a126cpp\src\world\item\ItemTool.h	24		
Error	C3668	'Item::ItemTool::getStrVsBlock': method with override specifier 'override' did not override any base class methods	Alpha126Cpp	D:\stupid shit\a126cpp\a126cpp\src\world\item\ItemTool.h	24		
Error	C3668	'Item::ItemTool::getStrVsBlock': method with override specifier 'override' did not override any base class methods	Alpha126Cpp	D:\stupid shit\a126cpp\a126cpp\src\world\item\ItemTool.h	24		
Error	C3668	'Item::ItemTool::getStrVsBlock': method with override specifier 'override' did not override any base class methods	Alpha126Cpp	D:\stupid shit\a126cpp\a126cpp\src\world\item\ItemTool.h	24		
Error	C3668	'Item::ItemTool::getStrVsBlock': method with override specifier 'override' did not override any base class methods	Alpha126Cpp	D:\stupid shit\a126cpp\a126cpp\src\world\item\ItemTool.h	24		
Error	C3668	'Item::ItemTool::getStrVsBlock': method with override specifier 'override' did not override any base class methods	Alpha126Cpp	D:\stupid shit\a126cpp\a126cpp\src\world\item\ItemTool.h	24		
Error	C3668	'Item::ItemTool::getStrVsBlock': method with override specifier 'override' did not override any base class methods	Alpha126Cpp	D:\stupid shit\a126cpp\a126cpp\src\world\item\ItemTool.h	24		
Error	C3668	'Item::ItemTool::hitBlock': method with override specifier 'override' did not override any base class methods	Alpha126Cpp	D:\stupid shit\a126cpp\a126cpp\src\world\item\ItemTool.h	28		
Error	C3668	'Item::ItemTool::hitBlock': method with override specifier 'override' did not override any base class methods	Alpha126Cpp	D:\stupid shit\a126cpp\a126cpp\src\world\item\ItemTool.h	28		
Error	C3668	'Item::ItemTool::hitBlock': method with override specifier 'override' did not override any base class methods	Alpha126Cpp	D:\stupid shit\a126cpp\a126cpp\src\world\item\ItemTool.h	28		
Error	C3668	'Item::ItemTool::hitBlock': method with override specifier 'override' did not override any base class methods	Alpha126Cpp	D:\stupid shit\a126cpp\a126cpp\src\world\item\ItemTool.h	28		
Error	C3668	'Item::ItemTool::hitBlock': method with override specifier 'override' did not override any base class methods	Alpha126Cpp	D:\stupid shit\a126cpp\a126cpp\src\world\item\ItemTool.h	28		
Error	C3668	'Item::ItemTool::hitBlock': method with override specifier 'override' did not override any base class methods	Alpha126Cpp	D:\stupid shit\a126cpp\a126cpp\src\world\item\ItemTool.h	28		
Error	C3668	'Item::ItemTool::hitBlock': method with override specifier 'override' did not override any base class methods	Alpha126Cpp	D:\stupid shit\a126cpp\a126cpp\src\world\item\ItemTool.h	28		
Error	C3668	'Item::ItemTool::hitBlock': method with override specifier 'override' did not override any base class methods	Alpha126Cpp	D:\stupid shit\a126cpp\a126cpp\src\world\item\ItemTool.h	28		
Error	C3668	'Item::ItemTool::hitEntity': method with override specifier 'override' did not override any base class methods	Alpha126Cpp	D:\stupid shit\a126cpp\a126cpp\src\world\item\ItemTool.h	27		
Error	C3668	'Item::ItemTool::hitEntity': method with override specifier 'override' did not override any base class methods	Alpha126Cpp	D:\stupid shit\a126cpp\a126cpp\src\world\item\ItemTool.h	27		
Error	C3668	'Item::ItemTool::hitEntity': method with override specifier 'override' did not override any base class methods	Alpha126Cpp	D:\stupid shit\a126cpp\a126cpp\src\world\item\ItemTool.h	27		
Error	C3668	'Item::ItemTool::hitEntity': method with override specifier 'override' did not override any base class methods	Alpha126Cpp	D:\stupid shit\a126cpp\a126cpp\src\world\item\ItemTool.h	27		
Error	C3668	'Item::ItemTool::hitEntity': method with override specifier 'override' did not override any base class methods	Alpha126Cpp	D:\stupid shit\a126cpp\a126cpp\src\world\item\ItemTool.h	27		
Error	C3668	'Item::ItemTool::hitEntity': method with override specifier 'override' did not override any base class methods	Alpha126Cpp	D:\stupid shit\a126cpp\a126cpp\src\world\item\ItemTool.h	27		
Error	C3668	'Item::ItemTool::hitEntity': method with override specifier 'override' did not override any base class methods	Alpha126Cpp	D:\stupid shit\a126cpp\a126cpp\src\world\item\ItemTool.h	27		
Error	C3668	'Item::ItemTool::hitEntity': method with override specifier 'override' did not override any base class methods	Alpha126Cpp	D:\stupid shit\a126cpp\a126cpp\src\world\item\ItemTool.h	27		
Error	C2535	'Item::~Item(void)': member function already defined or declared	Alpha126Cpp	D:\stupid shit\a126cpp\a126cpp\src\client\Minecraft.cpp	271		
Error	C2838	'onCrash': illegal qualified name in member declaration	Alpha126Cpp	D:\stupid shit\a126cpp\a126cpp\src\client\Minecraft.cpp	59		
Error	C2838	'pauseGame': illegal qualified name in member declaration	Alpha126Cpp	D:\stupid shit\a126cpp\a126cpp\src\client\Minecraft.cpp	644		
Error	C2838	'place': illegal qualified name in member declaration	Alpha126Cpp	D:\stupid shit\a126cpp\a126cpp\src\world\level\levelgen\feature\MonsterRoomFeature.cpp	18		
Error	C2838	'prepareLevel': illegal qualified name in member declaration	Alpha126Cpp	D:\stupid shit\a126cpp\a126cpp\src\client\Minecraft.cpp	1081		
Error	C2838	'randomEntityId': illegal qualified name in member declaration	Alpha126Cpp	D:\stupid shit\a126cpp\a126cpp\src\world\level\levelgen\feature\MonsterRoomFeature.cpp	290		
Error	C2838	'randomItem': illegal qualified name in member declaration	Alpha126Cpp	D:\stupid shit\a126cpp\a126cpp\src\world\level\levelgen\feature\MonsterRoomFeature.cpp	209		
Error	C2838	'releaseMouse': illegal qualified name in member declaration	Alpha126Cpp	D:\stupid shit\a126cpp\a126cpp\src\client\Minecraft.cpp	636		
Error	C2838	'reloadSound': illegal qualified name in member declaration	Alpha126Cpp	D:\stupid shit\a126cpp\a126cpp\src\client\Minecraft.cpp	969		
Error	C2838	'renderFpsMeter': illegal qualified name in member declaration	Alpha126Cpp	D:\stupid shit\a126cpp\a126cpp\src\client\Minecraft.cpp	529		
Error	C2838	'renderLoadingScreen': illegal qualified name in member declaration	Alpha126Cpp	D:\stupid shit\a126cpp\a126cpp\src\client\Minecraft.cpp	130		
Error	C2838	'resize': illegal qualified name in member declaration	Alpha126Cpp	D:\stupid shit\a126cpp\a126cpp\src\client\Minecraft.cpp	758		
Error	C2838	'respawnPlayer': illegal qualified name in member declaration	Alpha126Cpp	D:\stupid shit\a126cpp\a126cpp\src\client\Minecraft.cpp	1140		
Error	C2838	'run': illegal qualified name in member declaration	Alpha126Cpp	D:\stupid shit\a126cpp\a126cpp\src\client\Minecraft.cpp	387		
Error	C2838	'selectLevel': illegal qualified name in member declaration	Alpha126Cpp	D:\stupid shit\a126cpp\a126cpp\src\client\Minecraft.cpp	980		
Error	C2838	'setLevel': illegal qualified name in member declaration	Alpha126Cpp	D:\stupid shit\a126cpp\a126cpp\src\client\Minecraft.cpp	1005		
Error	C2838	'setLevel': illegal qualified name in member declaration	Alpha126Cpp	D:\stupid shit\a126cpp\a126cpp\src\client\Minecraft.cpp	1010		
Error	C2838	'setLevel': illegal qualified name in member declaration	Alpha126Cpp	D:\stupid shit\a126cpp\a126cpp\src\client\Minecraft.cpp	1015		
Error	C2838	'setScreen': illegal qualified name in member declaration	Alpha126Cpp	D:\stupid shit\a126cpp\a126cpp\src\client\Minecraft.cpp	205		
Error	C2838	'start': illegal qualified name in member declaration	Alpha126Cpp	D:\stupid shit\a126cpp\a126cpp\src\client\Minecraft.cpp	1145		
Error	C2838	'startAndConnectTo': illegal qualified name in member declaration	Alpha126Cpp	D:\stupid shit\a126cpp\a126cpp\src\client\Minecraft.cpp	1150		
Error	C2838	'stop': illegal qualified name in member declaration	Alpha126Cpp	D:\stupid shit\a126cpp\a126cpp\src\client\Minecraft.cpp	619		
Error	C2838	'tick': illegal qualified name in member declaration	Alpha126Cpp	D:\stupid shit\a126cpp\a126cpp\src\client\Minecraft.cpp	786		
Error	C2838	'tickTimes': illegal qualified name in member declaration	Alpha126Cpp	D:\stupid shit\a126cpp\a126cpp\src\client\Minecraft.cpp	44		
Error	C2838	'toggleDimension': illegal qualified name in member declaration	Alpha126Cpp	D:\stupid shit\a126cpp\a126cpp\src\client\Minecraft.cpp	992		
Error	C2838	'toggleFullscreen': illegal qualified name in member declaration	Alpha126Cpp	D:\stupid shit\a126cpp\a126cpp\src\client\Minecraft.cpp	728		
Error	C2039	'vector': is not a member of 'std'	Alpha126Cpp	D:\stupid shit\a126cpp\a126cpp\src\world\phys\AABB.h	18		
Error	C2039	'vector': is not a member of 'std'	Alpha126Cpp	D:\stupid shit\a126cpp\a126cpp\src\world\level\tile\Tile.h	214		
Error	C2039	'vector': is not a member of 'std'	Alpha126Cpp	D:\stupid shit\a126cpp\a126cpp\src\world\item\ItemTool.h	14		
Error	C2039	'vector': is not a member of 'std'	Alpha126Cpp	D:\stupid shit\a126cpp\a126cpp\src\world\item\ItemTool.h	20		
Error	C2039	'vector': is not a member of 'std'	Alpha126Cpp	D:\stupid shit\a126cpp\a126cpp\src\world\item\ItemAxe.cpp	6		
Error	C2039	'vector': is not a member of 'std'	Alpha126Cpp	D:\stupid shit\a126cpp\a126cpp\src\world\item\ItemTool.h	14		
Error	C2039	'vector': is not a member of 'std'	Alpha126Cpp	D:\stupid shit\a126cpp\a126cpp\src\world\item\ItemTool.h	20		
Error	C2039	'vector': is not a member of 'std'	Alpha126Cpp	D:\stupid shit\a126cpp\a126cpp\src\world\phys\AABB.h	18		
Error	C2039	'vector': is not a member of 'std'	Alpha126Cpp	D:\stupid shit\a126cpp\a126cpp\src\world\level\tile\Tile.h	214		
Error	C2039	'vector': is not a member of 'std'	Alpha126Cpp	D:\stupid shit\a126cpp\a126cpp\src\world\item\ItemPickaxe.cpp	8		
Error	C2039	'vector': is not a member of 'std'	Alpha126Cpp	D:\stupid shit\a126cpp\a126cpp\src\world\item\ItemTool.h	14		
Error	C2039	'vector': is not a member of 'std'	Alpha126Cpp	D:\stupid shit\a126cpp\a126cpp\src\world\item\ItemTool.h	20		
Error	C2039	'vector': is not a member of 'std'	Alpha126Cpp	D:\stupid shit\a126cpp\a126cpp\src\world\phys\AABB.h	18		
Error	C2039	'vector': is not a member of 'std'	Alpha126Cpp	D:\stupid shit\a126cpp\a126cpp\src\world\level\tile\Tile.h	214		
Error	C2039	'vector': is not a member of 'std'	Alpha126Cpp	D:\stupid shit\a126cpp\a126cpp\src\world\item\ItemSpade.cpp	7		
Error	C2039	'vector': is not a member of 'std'	Alpha126Cpp	D:\stupid shit\a126cpp\a126cpp\src\world\phys\AABB.h	18		
Error	C2039	'vector': is not a member of 'std'	Alpha126Cpp	D:\stupid shit\a126cpp\a126cpp\src\world\level\tile\Tile.h	214		
Error	C2039	'vector': is not a member of 'std'	Alpha126Cpp	D:\stupid shit\a126cpp\a126cpp\src\world\item\ItemTool.h	14		
Error	C2039	'vector': is not a member of 'std'	Alpha126Cpp	D:\stupid shit\a126cpp\a126cpp\src\world\item\ItemTool.h	20		
Error	C2039	'vector': is not a member of 'std'	Alpha126Cpp	D:\stupid shit\a126cpp\a126cpp\src\world\phys\AABB.h	18		
Error	C2039	'vector': is not a member of 'std'	Alpha126Cpp	D:\stupid shit\a126cpp\a126cpp\src\world\level\tile\Tile.h	214		
Error	C2039	'vector': is not a member of 'std'	Alpha126Cpp	D:\stupid shit\a126cpp\a126cpp\src\world\item\ItemTool.h	14		
Error	C2039	'vector': is not a member of 'std'	Alpha126Cpp	D:\stupid shit\a126cpp\a126cpp\src\world\item\ItemTool.h	20		
Error	C2838	'VERSION_STRING': illegal qualified name in member declaration	Alpha126Cpp	D:\stupid shit\a126cpp\a126cpp\src\client\Minecraft.cpp	41		
Error	C2838	'workDir': illegal qualified name in member declaration	Alpha126Cpp	D:\stupid shit\a126cpp\a126cpp\src\client\Minecraft.cpp	47		
Error	C2039	'_Common_float_type_t': is not a member of 'std'	Alpha126Cpp	C:\Program Files\Microsoft Visual Studio\2022\Community\VC\Tools\MSVC\14.44.35207\include\cmath	572		
Error	C2039	'_Common_float_type_t': is not a member of 'std'	Alpha126Cpp	C:\Program Files\Microsoft Visual Studio\2022\Community\VC\Tools\MSVC\14.44.35207\include\cmath	572		
Error	C2039	'_Common_float_type_t': is not a member of 'std'	Alpha126Cpp	C:\Program Files\Microsoft Visual Studio\2022\Community\VC\Tools\MSVC\14.44.35207\include\cmath	585		
Error	C2039	'_Common_float_type_t': is not a member of 'std'	Alpha126Cpp	C:\Program Files\Microsoft Visual Studio\2022\Community\VC\Tools\MSVC\14.44.35207\include\cmath	836		
Error	C2039	'_Common_float_type_t': is not a member of 'std'	Alpha126Cpp	C:\Program Files\Microsoft Visual Studio\2022\Community\VC\Tools\MSVC\14.44.35207\include\cmath	863		
Error	C2039	'_Common_float_type_t': is not a member of 'std'	Alpha126Cpp	C:\Program Files\Microsoft Visual Studio\2022\Community\VC\Tools\MSVC\14.44.35207\include\cmath	865		
Error	C2039	'_Common_float_type_t': is not a member of 'std'	Alpha126Cpp	C:\Program Files\Microsoft Visual Studio\2022\Community\VC\Tools\MSVC\14.44.35207\include\cmath	881		
Error	C2039	'_Common_float_type_t': is not a member of 'std'	Alpha126Cpp	C:\Program Files\Microsoft Visual Studio\2022\Community\VC\Tools\MSVC\14.44.35207\include\cmath	882		
Error	C2039	'_Common_float_type_t': is not a member of 'std'	Alpha126Cpp	C:\Program Files\Microsoft Visual Studio\2022\Community\VC\Tools\MSVC\14.44.35207\include\cmath	884		
Error	C2039	'_Common_float_type_t': is not a member of 'std'	Alpha126Cpp	C:\Program Files\Microsoft Visual Studio\2022\Community\VC\Tools\MSVC\14.44.35207\include\cmath	886		
Error	C2039	'_Common_float_type_t': is not a member of 'std'	Alpha126Cpp	C:\Program Files\Microsoft Visual Studio\2022\Community\VC\Tools\MSVC\14.44.35207\include\cmath	888		
Error	C2039	'_Common_float_type_t': is not a member of 'std'	Alpha126Cpp	C:\Program Files\Microsoft Visual Studio\2022\Community\VC\Tools\MSVC\14.44.35207\include\cmath	889		
Error	C2039	'_Common_float_type_t': is not a member of 'std'	Alpha126Cpp	C:\Program Files\Microsoft Visual Studio\2022\Community\VC\Tools\MSVC\14.44.35207\include\cmath	890		
Error	C2039	'_Common_float_type_t': is not a member of 'std'	Alpha126Cpp	C:\Program Files\Microsoft Visual Studio\2022\Community\VC\Tools\MSVC\14.44.35207\include\cmath	572		
Error	C2039	'_Common_float_type_t': is not a member of 'std'	Alpha126Cpp	C:\Program Files\Microsoft Visual Studio\2022\Community\VC\Tools\MSVC\14.44.35207\include\cmath	572		
Error	C2039	'_Common_float_type_t': is not a member of 'std'	Alpha126Cpp	C:\Program Files\Microsoft Visual Studio\2022\Community\VC\Tools\MSVC\14.44.35207\include\cmath	585		
Error	C2039	'_Common_float_type_t': is not a member of 'std'	Alpha126Cpp	C:\Program Files\Microsoft Visual Studio\2022\Community\VC\Tools\MSVC\14.44.35207\include\cmath	836		
Error	C2039	'_Common_float_type_t': is not a member of 'std'	Alpha126Cpp	C:\Program Files\Microsoft Visual Studio\2022\Community\VC\Tools\MSVC\14.44.35207\include\cmath	863		
Error	C2039	'_Common_float_type_t': is not a member of 'std'	Alpha126Cpp	C:\Program Files\Microsoft Visual Studio\2022\Community\VC\Tools\MSVC\14.44.35207\include\cmath	865		
Error	C2039	'_Common_float_type_t': is not a member of 'std'	Alpha126Cpp	C:\Program Files\Microsoft Visual Studio\2022\Community\VC\Tools\MSVC\14.44.35207\include\cmath	881		
Error	C2039	'_Common_float_type_t': is not a member of 'std'	Alpha126Cpp	C:\Program Files\Microsoft Visual Studio\2022\Community\VC\Tools\MSVC\14.44.35207\include\cmath	882		
Error	C2039	'_Common_float_type_t': is not a member of 'std'	Alpha126Cpp	C:\Program Files\Microsoft Visual Studio\2022\Community\VC\Tools\MSVC\14.44.35207\include\cmath	884		
Error	C2039	'_Common_float_type_t': is not a member of 'std'	Alpha126Cpp	C:\Program Files\Microsoft Visual Studio\2022\Community\VC\Tools\MSVC\14.44.35207\include\cmath	886		
Error	C2039	'_Common_float_type_t': is not a member of 'std'	Alpha126Cpp	C:\Program Files\Microsoft Visual Studio\2022\Community\VC\Tools\MSVC\14.44.35207\include\cmath	888		
Error	C2039	'_Common_float_type_t': is not a member of 'std'	Alpha126Cpp	C:\Program Files\Microsoft Visual Studio\2022\Community\VC\Tools\MSVC\14.44.35207\include\cmath	889		
Error	C2039	'_Common_float_type_t': is not a member of 'std'	Alpha126Cpp	C:\Program Files\Microsoft Visual Studio\2022\Community\VC\Tools\MSVC\14.44.35207\include\cmath	890		
Error	C2039	'_Common_float_type_t': is not a member of 'std'	Alpha126Cpp	C:\Program Files\Microsoft Visual Studio\2022\Community\VC\Tools\MSVC\14.44.35207\include\cmath	572		
Error	C2039	'_Common_float_type_t': is not a member of 'std'	Alpha126Cpp	C:\Program Files\Microsoft Visual Studio\2022\Community\VC\Tools\MSVC\14.44.35207\include\cmath	572		
Error	C2039	'_Common_float_type_t': is not a member of 'std'	Alpha126Cpp	C:\Program Files\Microsoft Visual Studio\2022\Community\VC\Tools\MSVC\14.44.35207\include\cmath	585		
Error	C2039	'_Common_float_type_t': is not a member of 'std'	Alpha126Cpp	C:\Program Files\Microsoft Visual Studio\2022\Community\VC\Tools\MSVC\14.44.35207\include\cmath	836		
Error	C2039	'_Common_float_type_t': is not a member of 'std'	Alpha126Cpp	C:\Program Files\Microsoft Visual Studio\2022\Community\VC\Tools\MSVC\14.44.35207\include\cmath	863		
Error	C2039	'_Common_float_type_t': is not a member of 'std'	Alpha126Cpp	C:\Program Files\Microsoft Visual Studio\2022\Community\VC\Tools\MSVC\14.44.35207\include\cmath	865		
Error	C2039	'_Common_float_type_t': is not a member of 'std'	Alpha126Cpp	C:\Program Files\Microsoft Visual Studio\2022\Community\VC\Tools\MSVC\14.44.35207\include\cmath	881		
Error	C2039	'_Common_float_type_t': is not a member of 'std'	Alpha126Cpp	C:\Program Files\Microsoft Visual Studio\2022\Community\VC\Tools\MSVC\14.44.35207\include\cmath	882		
Error	C2039	'_Common_float_type_t': is not a member of 'std'	Alpha126Cpp	C:\Program Files\Microsoft Visual Studio\2022\Community\VC\Tools\MSVC\14.44.35207\include\cmath	884		
Error	C2039	'_Common_float_type_t': is not a member of 'std'	Alpha126Cpp	C:\Program Files\Microsoft Visual Studio\2022\Community\VC\Tools\MSVC\14.44.35207\include\cmath	886		
Error	C2039	'_Common_float_type_t': is not a member of 'std'	Alpha126Cpp	C:\Program Files\Microsoft Visual Studio\2022\Community\VC\Tools\MSVC\14.44.35207\include\cmath	888		
Error	C1075	'{': no matching token found	Alpha126Cpp	D:\stupid shit\a126cpp\a126cpp\src\world\item\Item.h	15		
Error	C1075	'{': no matching token found	Alpha126Cpp	D:\stupid shit\a126cpp\a126cpp\src\world\item\Item.h	15		
Error	C1075	'{': no matching token found	Alpha126Cpp	D:\stupid shit\a126cpp\a126cpp\src\world\item\Item.h	15		
Error	C1075	'{': no matching token found	Alpha126Cpp	D:\stupid shit\a126cpp\a126cpp\src\world\item\Item.h	15		
Error	C1075	'{': no matching token found	Alpha126Cpp	D:\stupid shit\a126cpp\a126cpp\src\world\item\Item.h	15		
Error	C1075	'{': no matching token found	Alpha126Cpp	D:\stupid shit\a126cpp\a126cpp\src\world\item\Item.h	15		
Error	C1075	'{': no matching token found	Alpha126Cpp	D:\stupid shit\a126cpp\a126cpp\src\world\item\Item.h	15		
Error	C2838	'{ctor}': illegal qualified name in member declaration	Alpha126Cpp	D:\stupid shit\a126cpp\a126cpp\src\client\Minecraft.cpp	49		
Error	C2838	'{ctor}': illegal qualified name in member declaration	Alpha126Cpp	D:\stupid shit\a126cpp\a126cpp\src\world\item\ItemAxe.cpp	8		
Error	C2838	'{ctor}': illegal qualified name in member declaration	Alpha126Cpp	D:\stupid shit\a126cpp\a126cpp\src\world\item\ItemPickaxe.cpp	10		
Error	C2838	'{ctor}': illegal qualified name in member declaration	Alpha126Cpp	D:\stupid shit\a126cpp\a126cpp\src\world\item\ItemSpade.cpp	9		
Error	C2838	'{ctor}': illegal qualified name in member declaration	Alpha126Cpp	D:\stupid shit\a126cpp\a126cpp\src\world\level\tile\OreTile.cpp	7		
Error	C2838	'{dtor}': illegal qualified name in member declaration	Alpha126Cpp	D:\stupid shit\a126cpp\a126cpp\src\client\Minecraft.cpp	271		
Error	C1003	error count exceeds 100; stopping compilation	Alpha126Cpp	C:\Program Files\Microsoft Visual Studio\2022\Community\VC\Tools\MSVC\14.44.35207\include\cmath	890		
Error	C1003	error count exceeds 100; stopping compilation	Alpha126Cpp	C:\Program Files\Microsoft Visual Studio\2022\Community\VC\Tools\MSVC\14.44.35207\include\cmath	890		
Error	C1003	error count exceeds 100; stopping compilation	Alpha126Cpp	C:\Program Files\Microsoft Visual Studio\2022\Community\VC\Tools\MSVC\14.44.35207\include\cmath	888		
Error	C4430	missing type specifier - int assumed. Note: C++ does not support default-int	Alpha126Cpp	D:\stupid shit\a126cpp\a126cpp\src\world\phys\AABB.h	18		
Error	C4430	missing type specifier - int assumed. Note: C++ does not support default-int	Alpha126Cpp	D:\stupid shit\a126cpp\a126cpp\src\world\item\ItemTool.h	14		
Error	C4430	missing type specifier - int assumed. Note: C++ does not support default-int	Alpha126Cpp	D:\stupid shit\a126cpp\a126cpp\src\world\item\ItemTool.h	20		
Error	C4430	missing type specifier - int assumed. Note: C++ does not support default-int	Alpha126Cpp	D:\stupid shit\a126cpp\a126cpp\src\world\item\ItemAxe.cpp	6		
Error	C4430	missing type specifier - int assumed. Note: C++ does not support default-int	Alpha126Cpp	D:\stupid shit\a126cpp\a126cpp\src\world\item\ItemTool.h	14		
Error	C4430	missing type specifier - int assumed. Note: C++ does not support default-int	Alpha126Cpp	D:\stupid shit\a126cpp\a126cpp\src\world\item\ItemTool.h	20		
Error	C4430	missing type specifier - int assumed. Note: C++ does not support default-int	Alpha126Cpp	D:\stupid shit\a126cpp\a126cpp\src\world\phys\AABB.h	18		
Error	C4430	missing type specifier - int assumed. Note: C++ does not support default-int	Alpha126Cpp	D:\stupid shit\a126cpp\a126cpp\src\world\item\ItemPickaxe.cpp	8		
Error	C4430	missing type specifier - int assumed. Note: C++ does not support default-int	Alpha126Cpp	D:\stupid shit\a126cpp\a126cpp\src\world\item\ItemTool.h	14		
Error	C4430	missing type specifier - int assumed. Note: C++ does not support default-int	Alpha126Cpp	D:\stupid shit\a126cpp\a126cpp\src\world\item\ItemTool.h	20		
Error	C4430	missing type specifier - int assumed. Note: C++ does not support default-int	Alpha126Cpp	D:\stupid shit\a126cpp\a126cpp\src\world\phys\AABB.h	18		
Error	C4430	missing type specifier - int assumed. Note: C++ does not support default-int	Alpha126Cpp	D:\stupid shit\a126cpp\a126cpp\src\world\item\ItemSpade.cpp	7		
Error	C4430	missing type specifier - int assumed. Note: C++ does not support default-int	Alpha126Cpp	D:\stupid shit\a126cpp\a126cpp\src\world\phys\AABB.h	18		
Error	C4430	missing type specifier - int assumed. Note: C++ does not support default-int	Alpha126Cpp	D:\stupid shit\a126cpp\a126cpp\src\world\item\ItemTool.h	14		
Error	C4430	missing type specifier - int assumed. Note: C++ does not support default-int	Alpha126Cpp	D:\stupid shit\a126cpp\a126cpp\src\world\item\ItemTool.h	20		
Error	C4430	missing type specifier - int assumed. Note: C++ does not support default-int	Alpha126Cpp	D:\stupid shit\a126cpp\a126cpp\src\world\phys\AABB.h	18		
Error	C4430	missing type specifier - int assumed. Note: C++ does not support default-int	Alpha126Cpp	D:\stupid shit\a126cpp\a126cpp\src\world\item\ItemTool.h	14		
Error	C4430	missing type specifier - int assumed. Note: C++ does not support default-int	Alpha126Cpp	D:\stupid shit\a126cpp\a126cpp\src\world\item\ItemTool.h	20		
Error	C2059	syntax error: '<'	Alpha126Cpp	C:\Program Files\Microsoft Visual Studio\2022\Community\VC\Tools\MSVC\14.44.35207\include\cmath	572		
Error	C2059	syntax error: '<'	Alpha126Cpp	C:\Program Files\Microsoft Visual Studio\2022\Community\VC\Tools\MSVC\14.44.35207\include\cmath	585		
Error	C2059	syntax error: '<'	Alpha126Cpp	C:\Program Files\Microsoft Visual Studio\2022\Community\VC\Tools\MSVC\14.44.35207\include\cmath	836		
Error	C2059	syntax error: '<'	Alpha126Cpp	C:\Program Files\Microsoft Visual Studio\2022\Community\VC\Tools\MSVC\14.44.35207\include\cmath	863		
Error	C2059	syntax error: '<'	Alpha126Cpp	C:\Program Files\Microsoft Visual Studio\2022\Community\VC\Tools\MSVC\14.44.35207\include\cmath	865		
Error	C2059	syntax error: '<'	Alpha126Cpp	C:\Program Files\Microsoft Visual Studio\2022\Community\VC\Tools\MSVC\14.44.35207\include\cmath	881		
Error	C2059	syntax error: '<'	Alpha126Cpp	C:\Program Files\Microsoft Visual Studio\2022\Community\VC\Tools\MSVC\14.44.35207\include\cmath	882		
Error	C2059	syntax error: '<'	Alpha126Cpp	C:\Program Files\Microsoft Visual Studio\2022\Community\VC\Tools\MSVC\14.44.35207\include\cmath	884		
Error	C2059	syntax error: '<'	Alpha126Cpp	C:\Program Files\Microsoft Visual Studio\2022\Community\VC\Tools\MSVC\14.44.35207\include\cmath	886		
Error	C2059	syntax error: '<'	Alpha126Cpp	C:\Program Files\Microsoft Visual Studio\2022\Community\VC\Tools\MSVC\14.44.35207\include\cmath	888		
Error	C2059	syntax error: '<'	Alpha126Cpp	C:\Program Files\Microsoft Visual Studio\2022\Community\VC\Tools\MSVC\14.44.35207\include\cmath	889		
Error	C2059	syntax error: '<'	Alpha126Cpp	C:\Program Files\Microsoft Visual Studio\2022\Community\VC\Tools\MSVC\14.44.35207\include\cmath	572		
Error	C2059	syntax error: '<'	Alpha126Cpp	C:\Program Files\Microsoft Visual Studio\2022\Community\VC\Tools\MSVC\14.44.35207\include\cmath	585		
Error	C2059	syntax error: '<'	Alpha126Cpp	C:\Program Files\Microsoft Visual Studio\2022\Community\VC\Tools\MSVC\14.44.35207\include\cmath	836		
Error	C2059	syntax error: '<'	Alpha126Cpp	C:\Program Files\Microsoft Visual Studio\2022\Community\VC\Tools\MSVC\14.44.35207\include\cmath	863		
Error	C2059	syntax error: '<'	Alpha126Cpp	C:\Program Files\Microsoft Visual Studio\2022\Community\VC\Tools\MSVC\14.44.35207\include\cmath	865		
Error	C2059	syntax error: '<'	Alpha126Cpp	C:\Program Files\Microsoft Visual Studio\2022\Community\VC\Tools\MSVC\14.44.35207\include\cmath	881		
Error	C2059	syntax error: '<'	Alpha126Cpp	C:\Program Files\Microsoft Visual Studio\2022\Community\VC\Tools\MSVC\14.44.35207\include\cmath	882		
Error	C2059	syntax error: '<'	Alpha126Cpp	C:\Program Files\Microsoft Visual Studio\2022\Community\VC\Tools\MSVC\14.44.35207\include\cmath	884		
Error	C2059	syntax error: '<'	Alpha126Cpp	C:\Program Files\Microsoft Visual Studio\2022\Community\VC\Tools\MSVC\14.44.35207\include\cmath	886		
Error	C2059	syntax error: '<'	Alpha126Cpp	C:\Program Files\Microsoft Visual Studio\2022\Community\VC\Tools\MSVC\14.44.35207\include\cmath	888		
Error	C2059	syntax error: '<'	Alpha126Cpp	C:\Program Files\Microsoft Visual Studio\2022\Community\VC\Tools\MSVC\14.44.35207\include\cmath	889		
Error	C2059	syntax error: '<'	Alpha126Cpp	C:\Program Files\Microsoft Visual Studio\2022\Community\VC\Tools\MSVC\14.44.35207\include\cmath	572		
Error	C2059	syntax error: '<'	Alpha126Cpp	C:\Program Files\Microsoft Visual Studio\2022\Community\VC\Tools\MSVC\14.44.35207\include\cmath	585		
Error	C2059	syntax error: '<'	Alpha126Cpp	C:\Program Files\Microsoft Visual Studio\2022\Community\VC\Tools\MSVC\14.44.35207\include\cmath	836		
Error	C2059	syntax error: '<'	Alpha126Cpp	C:\Program Files\Microsoft Visual Studio\2022\Community\VC\Tools\MSVC\14.44.35207\include\cmath	863		
Error	C2059	syntax error: '<'	Alpha126Cpp	C:\Program Files\Microsoft Visual Studio\2022\Community\VC\Tools\MSVC\14.44.35207\include\cmath	865		
Error	C2059	syntax error: '<'	Alpha126Cpp	C:\Program Files\Microsoft Visual Studio\2022\Community\VC\Tools\MSVC\14.44.35207\include\cmath	881		
Error	C2059	syntax error: '<'	Alpha126Cpp	C:\Program Files\Microsoft Visual Studio\2022\Community\VC\Tools\MSVC\14.44.35207\include\cmath	882		
Error	C2059	syntax error: '<'	Alpha126Cpp	C:\Program Files\Microsoft Visual Studio\2022\Community\VC\Tools\MSVC\14.44.35207\include\cmath	884		
Error	C2059	syntax error: '<'	Alpha126Cpp	C:\Program Files\Microsoft Visual Studio\2022\Community\VC\Tools\MSVC\14.44.35207\include\cmath	886		
Error	C2059	syntax error: 'namespace'	Alpha126Cpp	D:\stupid shit\a126cpp\a126cpp\src\world\item\Items.h	9		
Error	C2059	syntax error: 'namespace'	Alpha126Cpp	D:\stupid shit\a126cpp\a126cpp\src\util\Mth.h	7		
Error	C2059	syntax error: 'namespace'	Alpha126Cpp	D:\stupid shit\a126cpp\a126cpp\src\pc\lwjgl\Display.h	6		
Error	C2059	syntax error: 'namespace'	Alpha126Cpp	D:\stupid shit\a126cpp\a126cpp\src\pc\CrashHandler.h	5		
Error	C2059	syntax error: 'namespace'	Alpha126Cpp	C:\Program Files\Microsoft Visual Studio\2022\Community\VC\Tools\MSVC\14.44.35207\include\cctype	20		
Error	C2059	syntax error: 'namespace'	Alpha126Cpp	C:\Program Files\Microsoft Visual Studio\2022\Community\VC\Tools\MSVC\14.44.35207\include\string	23		
Error	C2059	syntax error: 'namespace'	Alpha126Cpp	D:\stupid shit\a126cpp\a126cpp\src\java\String.h	9		
Error	C2059	syntax error: 'namespace'	Alpha126Cpp	C:\Program Files\Microsoft Visual Studio\2022\Community\VC\Tools\MSVC\14.44.35207\include\__msvc_bit_utils.hpp	23		
Error	C2059	syntax error: 'namespace'	Alpha126Cpp	C:\Program Files\Microsoft Visual Studio\2022\Community\VC\Tools\MSVC\14.44.35207\include\vector	29		
Error	C2059	syntax error: 'namespace'	Alpha126Cpp	D:\stupid shit\a126cpp\a126cpp\src\util\Memory.h	6		
Error	C2059	syntax error: 'namespace'	Alpha126Cpp	C:\Program Files\Microsoft Visual Studio\2022\Community\VC\Tools\MSVC\14.44.35207\include\cmath	557		
Error	C2059	syntax error: 'namespace'	Alpha126Cpp	C:\Program Files\Microsoft Visual Studio\2022\Community\VC\Tools\MSVC\14.44.35207\include\__msvc_bit_utils.hpp	23		
Error	C2059	syntax error: 'namespace'	Alpha126Cpp	C:\Program Files\Microsoft Visual Studio\2022\Community\VC\Tools\MSVC\14.44.35207\include\vector	29		
Error	C2059	syntax error: 'namespace'	Alpha126Cpp	C:\Program Files\Microsoft Visual Studio\2022\Community\VC\Tools\MSVC\14.44.35207\include\__msvc_bit_utils.hpp	23		
Error	C2059	syntax error: 'namespace'	Alpha126Cpp	C:\Program Files\Microsoft Visual Studio\2022\Community\VC\Tools\MSVC\14.44.35207\include\vector	29		
Error	C2059	syntax error: 'namespace'	Alpha126Cpp	C:\Program Files\Microsoft Visual Studio\2022\Community\VC\Tools\MSVC\14.44.35207\include\cctype	20		
Error	C2059	syntax error: 'namespace'	Alpha126Cpp	C:\Program Files\Microsoft Visual Studio\2022\Community\VC\Tools\MSVC\14.44.35207\include\string	23		
Error	C2059	syntax error: 'namespace'	Alpha126Cpp	D:\stupid shit\a126cpp\a126cpp\src\java\String.h	9		
Error	C2059	syntax error: 'namespace'	Alpha126Cpp	D:\stupid shit\a126cpp\a126cpp\src\util\Memory.h	6		
Error	C2059	syntax error: 'namespace'	Alpha126Cpp	C:\Program Files\Microsoft Visual Studio\2022\Community\VC\Tools\MSVC\14.44.35207\include\__msvc_bit_utils.hpp	23		
Error	C2059	syntax error: 'namespace'	Alpha126Cpp	C:\Program Files\Microsoft Visual Studio\2022\Community\VC\Tools\MSVC\14.44.35207\include\vector	29		
Error	C2059	syntax error: 'namespace'	Alpha126Cpp	C:\Program Files\Microsoft Visual Studio\2022\Community\VC\Tools\MSVC\14.44.35207\include\cctype	20		
Error	C2059	syntax error: 'namespace'	Alpha126Cpp	C:\Program Files\Microsoft Visual Studio\2022\Community\VC\Tools\MSVC\14.44.35207\include\string	23		
Error	C2059	syntax error: 'namespace'	Alpha126Cpp	D:\stupid shit\a126cpp\a126cpp\src\java\String.h	9		
Error	C2059	syntax error: 'namespace'	Alpha126Cpp	D:\stupid shit\a126cpp\a126cpp\src\util\Memory.h	6		
Error	C2059	syntax error: 'namespace'	Alpha126Cpp	C:\Program Files\Microsoft Visual Studio\2022\Community\VC\Tools\MSVC\14.44.35207\include\cctype	20		
Error	C2059	syntax error: 'namespace'	Alpha126Cpp	C:\Program Files\Microsoft Visual Studio\2022\Community\VC\Tools\MSVC\14.44.35207\include\string	23		
Error	C2059	syntax error: 'namespace'	Alpha126Cpp	D:\stupid shit\a126cpp\a126cpp\src\java\String.h	9		
Error	C2059	syntax error: 'namespace'	Alpha126Cpp	C:\Program Files\Microsoft Visual Studio\2022\Community\VC\Tools\MSVC\14.44.35207\include\__msvc_bit_utils.hpp	23		
Error	C2059	syntax error: 'namespace'	Alpha126Cpp	C:\Program Files\Microsoft Visual Studio\2022\Community\VC\Tools\MSVC\14.44.35207\include\vector	29		
Error	C2059	syntax error: 'namespace'	Alpha126Cpp	D:\stupid shit\a126cpp\a126cpp\src\util\Memory.h	6		
Error	C2059	syntax error: 'namespace'	Alpha126Cpp	C:\Program Files\Microsoft Visual Studio\2022\Community\VC\Tools\MSVC\14.44.35207\include\cmath	557		
Error	C2059	syntax error: 'namespace'	Alpha126Cpp	C:\Program Files\Microsoft Visual Studio\2022\Community\VC\Tools\MSVC\14.44.35207\include\__msvc_bit_utils.hpp	23		
Error	C2059	syntax error: 'namespace'	Alpha126Cpp	C:\Program Files\Microsoft Visual Studio\2022\Community\VC\Tools\MSVC\14.44.35207\include\vector	29		
Error	C2059	syntax error: 'namespace'	Alpha126Cpp	C:\Program Files\Microsoft Visual Studio\2022\Community\VC\Tools\MSVC\14.44.35207\include\cctype	20		
Error	C2059	syntax error: 'namespace'	Alpha126Cpp	C:\Program Files\Microsoft Visual Studio\2022\Community\VC\Tools\MSVC\14.44.35207\include\string	23		
Error	C2059	syntax error: 'namespace'	Alpha126Cpp	D:\stupid shit\a126cpp\a126cpp\src\java\String.h	9		
Error	C2059	syntax error: 'namespace'	Alpha126Cpp	D:\stupid shit\a126cpp\a126cpp\src\util\Memory.h	6		
Error	C2059	syntax error: 'namespace'	Alpha126Cpp	C:\Program Files\Microsoft Visual Studio\2022\Community\VC\Tools\MSVC\14.44.35207\include\cmath	557		
Error	C2059	syntax error: 'namespace'	Alpha126Cpp	C:\Program Files\Microsoft Visual Studio\2022\Community\VC\Tools\MSVC\14.44.35207\include\__msvc_bit_utils.hpp	23		
Error	C2059	syntax error: 'namespace'	Alpha126Cpp	C:\Program Files\Microsoft Visual Studio\2022\Community\VC\Tools\MSVC\14.44.35207\include\vector	29		
Error	C2059	syntax error: 'namespace'	Alpha126Cpp	D:\stupid shit\a126cpp\a126cpp\src\world\item\Items.h	9		
Error	C2059	syntax error: 'namespace'	Alpha126Cpp	D:\stupid shit\a126cpp\a126cpp\src\world\item\Items.cpp	7		
Error	C2059	syntax error: 'namespace'	Alpha126Cpp	D:\stupid shit\a126cpp\a126cpp\src\world\item\Items.h	9		
Error	C2059	syntax error: 'namespace'	Alpha126Cpp	D:\stupid shit\a126cpp\a126cpp\src\world\item\Items.h	9		
Error	C2059	syntax error: 'string'	Alpha126Cpp	C:\Program Files (x86)\Windows Kits\10\Include\10.0.26100.0\ucrt\ctype.h	19		
Error	C2059	syntax error: 'string'	Alpha126Cpp	C:\Program Files (x86)\Windows Kits\10\Include\10.0.26100.0\ucrt\ctype.h	19		
Error	C2059	syntax error: 'string'	Alpha126Cpp	C:\Program Files (x86)\Windows Kits\10\Include\10.0.26100.0\ucrt\ctype.h	19		
Error	C2059	syntax error: 'string'	Alpha126Cpp	C:\Program Files (x86)\Windows Kits\10\Include\10.0.26100.0\ucrt\ctype.h	19		
Error	C2059	syntax error: 'string'	Alpha126Cpp	C:\Program Files (x86)\Windows Kits\10\Include\10.0.26100.0\ucrt\ctype.h	19		
Error	C2061	syntax error: identifier 'vector'	Alpha126Cpp	D:\stupid shit\a126cpp\a126cpp\src\world\level\tile\Tile.h	214		
Error	C2061	syntax error: identifier 'vector'	Alpha126Cpp	D:\stupid shit\a126cpp\a126cpp\src\world\level\tile\Tile.h	214		
Error	C2061	syntax error: identifier 'vector'	Alpha126Cpp	D:\stupid shit\a126cpp\a126cpp\src\world\level\tile\Tile.h	214		
Error	C2061	syntax error: identifier 'vector'	Alpha126Cpp	D:\stupid shit\a126cpp\a126cpp\src\world\level\tile\Tile.h	214		
Error	C2061	syntax error: identifier 'vector'	Alpha126Cpp	D:\stupid shit\a126cpp\a126cpp\src\world\level\tile\Tile.h	214		
Error	C2143	syntax error: missing ',' before '<'	Alpha126Cpp	D:\stupid shit\a126cpp\a126cpp\src\world\item\ItemTool.h	20		
Error	C2143	syntax error: missing ',' before '<'	Alpha126Cpp	D:\stupid shit\a126cpp\a126cpp\src\world\item\ItemTool.h	20		
Error	C2143	syntax error: missing ',' before '<'	Alpha126Cpp	D:\stupid shit\a126cpp\a126cpp\src\world\item\ItemTool.h	20		
Error	C2143	syntax error: missing ',' before '<'	Alpha126Cpp	D:\stupid shit\a126cpp\a126cpp\src\world\item\ItemTool.h	20		
Error	C2143	syntax error: missing ',' before '<'	Alpha126Cpp	D:\stupid shit\a126cpp\a126cpp\src\world\item\ItemTool.h	20		
Error	C2143	syntax error: missing ';' before '<'	Alpha126Cpp	D:\stupid shit\a126cpp\a126cpp\src\world\phys\AABB.h	18		
Error	C2143	syntax error: missing ';' before '<'	Alpha126Cpp	C:\Program Files\Microsoft Visual Studio\2022\Community\VC\Tools\MSVC\14.44.35207\include\cmath	572		
Error	C2143	syntax error: missing ';' before '<'	Alpha126Cpp	C:\Program Files\Microsoft Visual Studio\2022\Community\VC\Tools\MSVC\14.44.35207\include\cmath	585		
Error	C2143	syntax error: missing ';' before '<'	Alpha126Cpp	C:\Program Files\Microsoft Visual Studio\2022\Community\VC\Tools\MSVC\14.44.35207\include\cmath	836		
Error	C2143	syntax error: missing ';' before '<'	Alpha126Cpp	C:\Program Files\Microsoft Visual Studio\2022\Community\VC\Tools\MSVC\14.44.35207\include\cmath	863		
Error	C2143	syntax error: missing ';' before '<'	Alpha126Cpp	C:\Program Files\Microsoft Visual Studio\2022\Community\VC\Tools\MSVC\14.44.35207\include\cmath	865		
Error	C2143	syntax error: missing ';' before '<'	Alpha126Cpp	C:\Program Files\Microsoft Visual Studio\2022\Community\VC\Tools\MSVC\14.44.35207\include\cmath	881		
Error	C2143	syntax error: missing ';' before '<'	Alpha126Cpp	C:\Program Files\Microsoft Visual Studio\2022\Community\VC\Tools\MSVC\14.44.35207\include\cmath	882		
Error	C2143	syntax error: missing ';' before '<'	Alpha126Cpp	C:\Program Files\Microsoft Visual Studio\2022\Community\VC\Tools\MSVC\14.44.35207\include\cmath	884		
Error	C2143	syntax error: missing ';' before '<'	Alpha126Cpp	C:\Program Files\Microsoft Visual Studio\2022\Community\VC\Tools\MSVC\14.44.35207\include\cmath	886		
Error	C2143	syntax error: missing ';' before '<'	Alpha126Cpp	C:\Program Files\Microsoft Visual Studio\2022\Community\VC\Tools\MSVC\14.44.35207\include\cmath	888		
Error	C2143	syntax error: missing ';' before '<'	Alpha126Cpp	C:\Program Files\Microsoft Visual Studio\2022\Community\VC\Tools\MSVC\14.44.35207\include\cmath	889		
Error	C2143	syntax error: missing ';' before '<'	Alpha126Cpp	D:\stupid shit\a126cpp\a126cpp\src\world\item\ItemTool.h	14		
Error	C2143	syntax error: missing ';' before '<'	Alpha126Cpp	D:\stupid shit\a126cpp\a126cpp\src\world\item\ItemAxe.cpp	6		
Error	C2143	syntax error: missing ';' before '<'	Alpha126Cpp	D:\stupid shit\a126cpp\a126cpp\src\world\item\ItemTool.h	14		
Error	C2143	syntax error: missing ';' before '<'	Alpha126Cpp	D:\stupid shit\a126cpp\a126cpp\src\world\phys\AABB.h	18		
Error	C2143	syntax error: missing ';' before '<'	Alpha126Cpp	D:\stupid shit\a126cpp\a126cpp\src\world\item\ItemPickaxe.cpp	8		
Error	C2143	syntax error: missing ';' before '<'	Alpha126Cpp	D:\stupid shit\a126cpp\a126cpp\src\world\item\ItemTool.h	14		
Error	C2143	syntax error: missing ';' before '<'	Alpha126Cpp	D:\stupid shit\a126cpp\a126cpp\src\world\phys\AABB.h	18		
Error	C2143	syntax error: missing ';' before '<'	Alpha126Cpp	D:\stupid shit\a126cpp\a126cpp\src\world\item\ItemSpade.cpp	7		
Error	C2143	syntax error: missing ';' before '<'	Alpha126Cpp	D:\stupid shit\a126cpp\a126cpp\src\world\phys\AABB.h	18		
Error	C2143	syntax error: missing ';' before '<'	Alpha126Cpp	C:\Program Files\Microsoft Visual Studio\2022\Community\VC\Tools\MSVC\14.44.35207\include\cmath	572		
Error	C2143	syntax error: missing ';' before '<'	Alpha126Cpp	C:\Program Files\Microsoft Visual Studio\2022\Community\VC\Tools\MSVC\14.44.35207\include\cmath	585		
Error	C2143	syntax error: missing ';' before '<'	Alpha126Cpp	C:\Program Files\Microsoft Visual Studio\2022\Community\VC\Tools\MSVC\14.44.35207\include\cmath	836		
Error	C2143	syntax error: missing ';' before '<'	Alpha126Cpp	C:\Program Files\Microsoft Visual Studio\2022\Community\VC\Tools\MSVC\14.44.35207\include\cmath	863		
Error	C2143	syntax error: missing ';' before '<'	Alpha126Cpp	C:\Program Files\Microsoft Visual Studio\2022\Community\VC\Tools\MSVC\14.44.35207\include\cmath	865		
Error	C2143	syntax error: missing ';' before '<'	Alpha126Cpp	C:\Program Files\Microsoft Visual Studio\2022\Community\VC\Tools\MSVC\14.44.35207\include\cmath	881		
Error	C2143	syntax error: missing ';' before '<'	Alpha126Cpp	C:\Program Files\Microsoft Visual Studio\2022\Community\VC\Tools\MSVC\14.44.35207\include\cmath	882		
Error	C2143	syntax error: missing ';' before '<'	Alpha126Cpp	C:\Program Files\Microsoft Visual Studio\2022\Community\VC\Tools\MSVC\14.44.35207\include\cmath	884		
Error	C2143	syntax error: missing ';' before '<'	Alpha126Cpp	C:\Program Files\Microsoft Visual Studio\2022\Community\VC\Tools\MSVC\14.44.35207\include\cmath	886		
Error	C2143	syntax error: missing ';' before '<'	Alpha126Cpp	C:\Program Files\Microsoft Visual Studio\2022\Community\VC\Tools\MSVC\14.44.35207\include\cmath	888		
Error	C2143	syntax error: missing ';' before '<'	Alpha126Cpp	C:\Program Files\Microsoft Visual Studio\2022\Community\VC\Tools\MSVC\14.44.35207\include\cmath	889		
Error	C2143	syntax error: missing ';' before '<'	Alpha126Cpp	D:\stupid shit\a126cpp\a126cpp\src\world\item\ItemTool.h	14		
Error	C2143	syntax error: missing ';' before '<'	Alpha126Cpp	D:\stupid shit\a126cpp\a126cpp\src\world\phys\AABB.h	18		
Error	C2143	syntax error: missing ';' before '<'	Alpha126Cpp	C:\Program Files\Microsoft Visual Studio\2022\Community\VC\Tools\MSVC\14.44.35207\include\cmath	572		
Error	C2143	syntax error: missing ';' before '<'	Alpha126Cpp	C:\Program Files\Microsoft Visual Studio\2022\Community\VC\Tools\MSVC\14.44.35207\include\cmath	585		
Error	C2143	syntax error: missing ';' before '<'	Alpha126Cpp	C:\Program Files\Microsoft Visual Studio\2022\Community\VC\Tools\MSVC\14.44.35207\include\cmath	836		
Error	C2143	syntax error: missing ';' before '<'	Alpha126Cpp	C:\Program Files\Microsoft Visual Studio\2022\Community\VC\Tools\MSVC\14.44.35207\include\cmath	863		
Error	C2143	syntax error: missing ';' before '<'	Alpha126Cpp	C:\Program Files\Microsoft Visual Studio\2022\Community\VC\Tools\MSVC\14.44.35207\include\cmath	865		
Error	C2143	syntax error: missing ';' before '<'	Alpha126Cpp	C:\Program Files\Microsoft Visual Studio\2022\Community\VC\Tools\MSVC\14.44.35207\include\cmath	881		
Error	C2143	syntax error: missing ';' before '<'	Alpha126Cpp	C:\Program Files\Microsoft Visual Studio\2022\Community\VC\Tools\MSVC\14.44.35207\include\cmath	882		
Error	C2143	syntax error: missing ';' before '<'	Alpha126Cpp	C:\Program Files\Microsoft Visual Studio\2022\Community\VC\Tools\MSVC\14.44.35207\include\cmath	884		
Error	C2143	syntax error: missing ';' before '<'	Alpha126Cpp	C:\Program Files\Microsoft Visual Studio\2022\Community\VC\Tools\MSVC\14.44.35207\include\cmath	886		
Error	C2143	syntax error: missing ';' before '<'	Alpha126Cpp	C:\Program Files\Microsoft Visual Studio\2022\Community\VC\Tools\MSVC\14.44.35207\include\cmath	888		
Error	C2143	syntax error: missing ';' before '<'	Alpha126Cpp	D:\stupid shit\a126cpp\a126cpp\src\world\item\ItemTool.h	14		
Error	C2238	unexpected token(s) preceding ';'	Alpha126Cpp	D:\stupid shit\a126cpp\a126cpp\src\world\phys\AABB.h	18		
Error	C2238	unexpected token(s) preceding ';'	Alpha126Cpp	C:\Program Files\Microsoft Visual Studio\2022\Community\VC\Tools\MSVC\14.44.35207\include\cmath	572		
Error	C2238	unexpected token(s) preceding ';'	Alpha126Cpp	C:\Program Files\Microsoft Visual Studio\2022\Community\VC\Tools\MSVC\14.44.35207\include\cmath	585		
Error	C2238	unexpected token(s) preceding ';'	Alpha126Cpp	C:\Program Files\Microsoft Visual Studio\2022\Community\VC\Tools\MSVC\14.44.35207\include\cmath	836		
Error	C2238	unexpected token(s) preceding ';'	Alpha126Cpp	C:\Program Files\Microsoft Visual Studio\2022\Community\VC\Tools\MSVC\14.44.35207\include\cmath	863		
Error	C2238	unexpected token(s) preceding ';'	Alpha126Cpp	C:\Program Files\Microsoft Visual Studio\2022\Community\VC\Tools\MSVC\14.44.35207\include\cmath	865		
Error	C2238	unexpected token(s) preceding ';'	Alpha126Cpp	C:\Program Files\Microsoft Visual Studio\2022\Community\VC\Tools\MSVC\14.44.35207\include\cmath	881		
Error	C2238	unexpected token(s) preceding ';'	Alpha126Cpp	C:\Program Files\Microsoft Visual Studio\2022\Community\VC\Tools\MSVC\14.44.35207\include\cmath	882		
Error	C2238	unexpected token(s) preceding ';'	Alpha126Cpp	C:\Program Files\Microsoft Visual Studio\2022\Community\VC\Tools\MSVC\14.44.35207\include\cmath	884		
Error	C2238	unexpected token(s) preceding ';'	Alpha126Cpp	C:\Program Files\Microsoft Visual Studio\2022\Community\VC\Tools\MSVC\14.44.35207\include\cmath	886		
Error	C2238	unexpected token(s) preceding ';'	Alpha126Cpp	C:\Program Files\Microsoft Visual Studio\2022\Community\VC\Tools\MSVC\14.44.35207\include\cmath	888		
Error	C2238	unexpected token(s) preceding ';'	Alpha126Cpp	C:\Program Files\Microsoft Visual Studio\2022\Community\VC\Tools\MSVC\14.44.35207\include\cmath	889		
Error	C2238	unexpected token(s) preceding ';'	Alpha126Cpp	D:\stupid shit\a126cpp\a126cpp\src\world\item\ItemTool.h	14		
Error	C2238	unexpected token(s) preceding ';'	Alpha126Cpp	D:\stupid shit\a126cpp\a126cpp\src\world\item\ItemTool.h	14		
Error	C2238	unexpected token(s) preceding ';'	Alpha126Cpp	D:\stupid shit\a126cpp\a126cpp\src\world\phys\AABB.h	18		
Error	C2238	unexpected token(s) preceding ';'	Alpha126Cpp	D:\stupid shit\a126cpp\a126cpp\src\world\item\ItemTool.h	14		
Error	C2238	unexpected token(s) preceding ';'	Alpha126Cpp	D:\stupid shit\a126cpp\a126cpp\src\world\phys\AABB.h	18		
Error	C2238	unexpected token(s) preceding ';'	Alpha126Cpp	D:\stupid shit\a126cpp\a126cpp\src\world\phys\AABB.h	18		
Error	C2238	unexpected token(s) preceding ';'	Alpha126Cpp	C:\Program Files\Microsoft Visual Studio\2022\Community\VC\Tools\MSVC\14.44.35207\include\cmath	572		
Error	C2238	unexpected token(s) preceding ';'	Alpha126Cpp	C:\Program Files\Microsoft Visual Studio\2022\Community\VC\Tools\MSVC\14.44.35207\include\cmath	585		
Error	C2238	unexpected token(s) preceding ';'	Alpha126Cpp	C:\Program Files\Microsoft Visual Studio\2022\Community\VC\Tools\MSVC\14.44.35207\include\cmath	836		
Error	C2238	unexpected token(s) preceding ';'	Alpha126Cpp	C:\Program Files\Microsoft Visual Studio\2022\Community\VC\Tools\MSVC\14.44.35207\include\cmath	863		
Error	C2238	unexpected token(s) preceding ';'	Alpha126Cpp	C:\Program Files\Microsoft Visual Studio\2022\Community\VC\Tools\MSVC\14.44.35207\include\cmath	865		
Error	C2238	unexpected token(s) preceding ';'	Alpha126Cpp	C:\Program Files\Microsoft Visual Studio\2022\Community\VC\Tools\MSVC\14.44.35207\include\cmath	881		
Error	C2238	unexpected token(s) preceding ';'	Alpha126Cpp	C:\Program Files\Microsoft Visual Studio\2022\Community\VC\Tools\MSVC\14.44.35207\include\cmath	882		
Error	C2238	unexpected token(s) preceding ';'	Alpha126Cpp	C:\Program Files\Microsoft Visual Studio\2022\Community\VC\Tools\MSVC\14.44.35207\include\cmath	884		
Error	C2238	unexpected token(s) preceding ';'	Alpha126Cpp	C:\Program Files\Microsoft Visual Studio\2022\Community\VC\Tools\MSVC\14.44.35207\include\cmath	886		
Error	C2238	unexpected token(s) preceding ';'	Alpha126Cpp	C:\Program Files\Microsoft Visual Studio\2022\Community\VC\Tools\MSVC\14.44.35207\include\cmath	888		
Error	C2238	unexpected token(s) preceding ';'	Alpha126Cpp	C:\Program Files\Microsoft Visual Studio\2022\Community\VC\Tools\MSVC\14.44.35207\include\cmath	889		
Error	C2238	unexpected token(s) preceding ';'	Alpha126Cpp	D:\stupid shit\a126cpp\a126cpp\src\world\item\ItemTool.h	14		
Error	C2238	unexpected token(s) preceding ';'	Alpha126Cpp	D:\stupid shit\a126cpp\a126cpp\src\world\phys\AABB.h	18		
Error	C2238	unexpected token(s) preceding ';'	Alpha126Cpp	C:\Program Files\Microsoft Visual Studio\2022\Community\VC\Tools\MSVC\14.44.35207\include\cmath	572		
Error	C2238	unexpected token(s) preceding ';'	Alpha126Cpp	C:\Program Files\Microsoft Visual Studio\2022\Community\VC\Tools\MSVC\14.44.35207\include\cmath	585		
Error	C2238	unexpected token(s) preceding ';'	Alpha126Cpp	C:\Program Files\Microsoft Visual Studio\2022\Community\VC\Tools\MSVC\14.44.35207\include\cmath	836		
Error	C2238	unexpected token(s) preceding ';'	Alpha126Cpp	C:\Program Files\Microsoft Visual Studio\2022\Community\VC\Tools\MSVC\14.44.35207\include\cmath	863		
Error	C2238	unexpected token(s) preceding ';'	Alpha126Cpp	C:\Program Files\Microsoft Visual Studio\2022\Community\VC\Tools\MSVC\14.44.35207\include\cmath	865		
Error	C2238	unexpected token(s) preceding ';'	Alpha126Cpp	C:\Program Files\Microsoft Visual Studio\2022\Community\VC\Tools\MSVC\14.44.35207\include\cmath	881		
Error	C2238	unexpected token(s) preceding ';'	Alpha126Cpp	C:\Program Files\Microsoft Visual Studio\2022\Community\VC\Tools\MSVC\14.44.35207\include\cmath	882		
Error	C2238	unexpected token(s) preceding ';'	Alpha126Cpp	C:\Program Files\Microsoft Visual Studio\2022\Community\VC\Tools\MSVC\14.44.35207\include\cmath	884		
Error	C2238	unexpected token(s) preceding ';'	Alpha126Cpp	C:\Program Files\Microsoft Visual Studio\2022\Community\VC\Tools\MSVC\14.44.35207\include\cmath	886		
Error	C2238	unexpected token(s) preceding ';'	Alpha126Cpp	C:\Program Files\Microsoft Visual Studio\2022\Community\VC\Tools\MSVC\14.44.35207\include\cmath	888		
Error	C2238	unexpected token(s) preceding ';'	Alpha126Cpp	D:\stupid shit\a126cpp\a126cpp\src\world\item\ItemTool.h	14		
Error	C2334	unexpected token(s) preceding '{'; skipping apparent function body	Alpha126Cpp	D:\stupid shit\a126cpp\a126cpp\src\world\item\Items.h	10		
Error	C2334	unexpected token(s) preceding '{'; skipping apparent function body	Alpha126Cpp	D:\stupid shit\a126cpp\a126cpp\src\util\Mth.h	8		
Error	C2334	unexpected token(s) preceding '{'; skipping apparent function body	Alpha126Cpp	D:\stupid shit\a126cpp\a126cpp\src\pc\lwjgl\Display.h	7		
Error	C2334	unexpected token(s) preceding '{'; skipping apparent function body	Alpha126Cpp	D:\stupid shit\a126cpp\a126cpp\src\pc\CrashHandler.h	6		
Error	C2334	unexpected token(s) preceding '{'; skipping apparent function body	Alpha126Cpp	C:\Program Files (x86)\Windows Kits\10\Include\10.0.26100.0\ucrt\ctype.h	19		
Error	C2334	unexpected token(s) preceding '{'; skipping apparent function body	Alpha126Cpp	C:\Program Files\Microsoft Visual Studio\2022\Community\VC\Tools\MSVC\14.44.35207\include\cctype	20		
Error	C2334	unexpected token(s) preceding '{'; skipping apparent function body	Alpha126Cpp	C:\Program Files\Microsoft Visual Studio\2022\Community\VC\Tools\MSVC\14.44.35207\include\string	23		
Error	C2334	unexpected token(s) preceding '{'; skipping apparent function body	Alpha126Cpp	D:\stupid shit\a126cpp\a126cpp\src\java\String.h	10		
Error	C2334	unexpected token(s) preceding '{'; skipping apparent function body	Alpha126Cpp	C:\Program Files\Microsoft Visual Studio\2022\Community\VC\Tools\MSVC\14.44.35207\include\__msvc_bit_utils.hpp	23		
Error	C2334	unexpected token(s) preceding '{'; skipping apparent function body	Alpha126Cpp	C:\Program Files\Microsoft Visual Studio\2022\Community\VC\Tools\MSVC\14.44.35207\include\vector	29		
Error	C2334	unexpected token(s) preceding '{'; skipping apparent function body	Alpha126Cpp	D:\stupid shit\a126cpp\a126cpp\src\util\Memory.h	7		
Error	C2334	unexpected token(s) preceding '{'; skipping apparent function body	Alpha126Cpp	C:\Program Files\Microsoft Visual Studio\2022\Community\VC\Tools\MSVC\14.44.35207\include\cmath	557		
Error	C2334	unexpected token(s) preceding '{'; skipping apparent function body	Alpha126Cpp	C:\Program Files\Microsoft Visual Studio\2022\Community\VC\Tools\MSVC\14.44.35207\include\cmath	573		
Error	C2334	unexpected token(s) preceding '{'; skipping apparent function body	Alpha126Cpp	C:\Program Files\Microsoft Visual Studio\2022\Community\VC\Tools\MSVC\14.44.35207\include\cmath	585		
Error	C2334	unexpected token(s) preceding '{'; skipping apparent function body	Alpha126Cpp	C:\Program Files\Microsoft Visual Studio\2022\Community\VC\Tools\MSVC\14.44.35207\include\cmath	836		
Error	C2334	unexpected token(s) preceding '{'; skipping apparent function body	Alpha126Cpp	C:\Program Files\Microsoft Visual Studio\2022\Community\VC\Tools\MSVC\14.44.35207\include\cmath	863		
Error	C2334	unexpected token(s) preceding '{'; skipping apparent function body	Alpha126Cpp	C:\Program Files\Microsoft Visual Studio\2022\Community\VC\Tools\MSVC\14.44.35207\include\cmath	865		
Error	C2334	unexpected token(s) preceding '{'; skipping apparent function body	Alpha126Cpp	C:\Program Files\Microsoft Visual Studio\2022\Community\VC\Tools\MSVC\14.44.35207\include\cmath	881		
Error	C2334	unexpected token(s) preceding '{'; skipping apparent function body	Alpha126Cpp	C:\Program Files\Microsoft Visual Studio\2022\Community\VC\Tools\MSVC\14.44.35207\include\cmath	882		
Error	C2334	unexpected token(s) preceding '{'; skipping apparent function body	Alpha126Cpp	C:\Program Files\Microsoft Visual Studio\2022\Community\VC\Tools\MSVC\14.44.35207\include\cmath	884		
Error	C2334	unexpected token(s) preceding '{'; skipping apparent function body	Alpha126Cpp	C:\Program Files\Microsoft Visual Studio\2022\Community\VC\Tools\MSVC\14.44.35207\include\cmath	886		
Error	C2334	unexpected token(s) preceding '{'; skipping apparent function body	Alpha126Cpp	C:\Program Files\Microsoft Visual Studio\2022\Community\VC\Tools\MSVC\14.44.35207\include\cmath	888		
Error	C2334	unexpected token(s) preceding '{'; skipping apparent function body	Alpha126Cpp	C:\Program Files\Microsoft Visual Studio\2022\Community\VC\Tools\MSVC\14.44.35207\include\cmath	889		
Error	C2334	unexpected token(s) preceding '{'; skipping apparent function body	Alpha126Cpp	C:\Program Files\Microsoft Visual Studio\2022\Community\VC\Tools\MSVC\14.44.35207\include\__msvc_bit_utils.hpp	23		
Error	C2334	unexpected token(s) preceding '{'; skipping apparent function body	Alpha126Cpp	C:\Program Files\Microsoft Visual Studio\2022\Community\VC\Tools\MSVC\14.44.35207\include\vector	29		
Error	C2334	unexpected token(s) preceding '{'; skipping apparent function body	Alpha126Cpp	D:\stupid shit\a126cpp\a126cpp\src\world\item\ItemAxe.cpp	6		
Error	C2334	unexpected token(s) preceding '{'; skipping apparent function body	Alpha126Cpp	C:\Program Files\Microsoft Visual Studio\2022\Community\VC\Tools\MSVC\14.44.35207\include\__msvc_bit_utils.hpp	23		
Error	C2334	unexpected token(s) preceding '{'; skipping apparent function body	Alpha126Cpp	C:\Program Files\Microsoft Visual Studio\2022\Community\VC\Tools\MSVC\14.44.35207\include\vector	29		
Error	C2334	unexpected token(s) preceding '{'; skipping apparent function body	Alpha126Cpp	C:\Program Files (x86)\Windows Kits\10\Include\10.0.26100.0\ucrt\ctype.h	19		
Error	C2334	unexpected token(s) preceding '{'; skipping apparent function body	Alpha126Cpp	C:\Program Files\Microsoft Visual Studio\2022\Community\VC\Tools\MSVC\14.44.35207\include\cctype	20		
Error	C2334	unexpected token(s) preceding '{'; skipping apparent function body	Alpha126Cpp	C:\Program Files\Microsoft Visual Studio\2022\Community\VC\Tools\MSVC\14.44.35207\include\string	23		
Error	C2334	unexpected token(s) preceding '{'; skipping apparent function body	Alpha126Cpp	D:\stupid shit\a126cpp\a126cpp\src\java\String.h	10		
Error	C2334	unexpected token(s) preceding '{'; skipping apparent function body	Alpha126Cpp	D:\stupid shit\a126cpp\a126cpp\src\util\Memory.h	7		
Error	C2334	unexpected token(s) preceding '{'; skipping apparent function body	Alpha126Cpp	D:\stupid shit\a126cpp\a126cpp\src\world\item\ItemPickaxe.cpp	8		
Error	C2334	unexpected token(s) preceding '{'; skipping apparent function body	Alpha126Cpp	C:\Program Files\Microsoft Visual Studio\2022\Community\VC\Tools\MSVC\14.44.35207\include\__msvc_bit_utils.hpp	23		
Error	C2334	unexpected token(s) preceding '{'; skipping apparent function body	Alpha126Cpp	C:\Program Files\Microsoft Visual Studio\2022\Community\VC\Tools\MSVC\14.44.35207\include\vector	29		
Error	C2334	unexpected token(s) preceding '{'; skipping apparent function body	Alpha126Cpp	C:\Program Files (x86)\Windows Kits\10\Include\10.0.26100.0\ucrt\ctype.h	19		
Error	C2334	unexpected token(s) preceding '{'; skipping apparent function body	Alpha126Cpp	C:\Program Files\Microsoft Visual Studio\2022\Community\VC\Tools\MSVC\14.44.35207\include\cctype	20		
Error	C2334	unexpected token(s) preceding '{'; skipping apparent function body	Alpha126Cpp	C:\Program Files\Microsoft Visual Studio\2022\Community\VC\Tools\MSVC\14.44.35207\include\string	23		
Error	C2334	unexpected token(s) preceding '{'; skipping apparent function body	Alpha126Cpp	D:\stupid shit\a126cpp\a126cpp\src\java\String.h	10		
Error	C2334	unexpected token(s) preceding '{'; skipping apparent function body	Alpha126Cpp	D:\stupid shit\a126cpp\a126cpp\src\util\Memory.h	7		
Error	C2334	unexpected token(s) preceding '{'; skipping apparent function body	Alpha126Cpp	D:\stupid shit\a126cpp\a126cpp\src\world\item\ItemSpade.cpp	7		
Error	C2334	unexpected token(s) preceding '{'; skipping apparent function body	Alpha126Cpp	C:\Program Files (x86)\Windows Kits\10\Include\10.0.26100.0\ucrt\ctype.h	19		
Error	C2334	unexpected token(s) preceding '{'; skipping apparent function body	Alpha126Cpp	C:\Program Files\Microsoft Visual Studio\2022\Community\VC\Tools\MSVC\14.44.35207\include\cctype	20		
Error	C2334	unexpected token(s) preceding '{'; skipping apparent function body	Alpha126Cpp	C:\Program Files\Microsoft Visual Studio\2022\Community\VC\Tools\MSVC\14.44.35207\include\string	23		
Error	C2334	unexpected token(s) preceding '{'; skipping apparent function body	Alpha126Cpp	D:\stupid shit\a126cpp\a126cpp\src\java\String.h	10		
Error	C2334	unexpected token(s) preceding '{'; skipping apparent function body	Alpha126Cpp	C:\Program Files\Microsoft Visual Studio\2022\Community\VC\Tools\MSVC\14.44.35207\include\__msvc_bit_utils.hpp	23		
Error	C2334	unexpected token(s) preceding '{'; skipping apparent function body	Alpha126Cpp	C:\Program Files\Microsoft Visual Studio\2022\Community\VC\Tools\MSVC\14.44.35207\include\vector	29		
Error	C2334	unexpected token(s) preceding '{'; skipping apparent function body	Alpha126Cpp	D:\stupid shit\a126cpp\a126cpp\src\util\Memory.h	7		
Error	C2334	unexpected token(s) preceding '{'; skipping apparent function body	Alpha126Cpp	C:\Program Files\Microsoft Visual Studio\2022\Community\VC\Tools\MSVC\14.44.35207\include\cmath	557		
Error	C2334	unexpected token(s) preceding '{'; skipping apparent function body	Alpha126Cpp	C:\Program Files\Microsoft Visual Studio\2022\Community\VC\Tools\MSVC\14.44.35207\include\cmath	573		
Error	C2334	unexpected token(s) preceding '{'; skipping apparent function body	Alpha126Cpp	C:\Program Files\Microsoft Visual Studio\2022\Community\VC\Tools\MSVC\14.44.35207\include\cmath	585		
Error	C2334	unexpected token(s) preceding '{'; skipping apparent function body	Alpha126Cpp	C:\Program Files\Microsoft Visual Studio\2022\Community\VC\Tools\MSVC\14.44.35207\include\cmath	836		
Error	C2334	unexpected token(s) preceding '{'; skipping apparent function body	Alpha126Cpp	C:\Program Files\Microsoft Visual Studio\2022\Community\VC\Tools\MSVC\14.44.35207\include\cmath	863		
Error	C2334	unexpected token(s) preceding '{'; skipping apparent function body	Alpha126Cpp	C:\Program Files\Microsoft Visual Studio\2022\Community\VC\Tools\MSVC\14.44.35207\include\cmath	865		
Error	C2334	unexpected token(s) preceding '{'; skipping apparent function body	Alpha126Cpp	C:\Program Files\Microsoft Visual Studio\2022\Community\VC\Tools\MSVC\14.44.35207\include\cmath	881		
Error	C2334	unexpected token(s) preceding '{'; skipping apparent function body	Alpha126Cpp	C:\Program Files\Microsoft Visual Studio\2022\Community\VC\Tools\MSVC\14.44.35207\include\cmath	882		
Error	C2334	unexpected token(s) preceding '{'; skipping apparent function body	Alpha126Cpp	C:\Program Files\Microsoft Visual Studio\2022\Community\VC\Tools\MSVC\14.44.35207\include\cmath	884		
Error	C2334	unexpected token(s) preceding '{'; skipping apparent function body	Alpha126Cpp	C:\Program Files\Microsoft Visual Studio\2022\Community\VC\Tools\MSVC\14.44.35207\include\cmath	886		
Error	C2334	unexpected token(s) preceding '{'; skipping apparent function body	Alpha126Cpp	C:\Program Files\Microsoft Visual Studio\2022\Community\VC\Tools\MSVC\14.44.35207\include\cmath	888		
Error	C2334	unexpected token(s) preceding '{'; skipping apparent function body	Alpha126Cpp	C:\Program Files\Microsoft Visual Studio\2022\Community\VC\Tools\MSVC\14.44.35207\include\cmath	889		
Error	C2334	unexpected token(s) preceding '{'; skipping apparent function body	Alpha126Cpp	C:\Program Files\Microsoft Visual Studio\2022\Community\VC\Tools\MSVC\14.44.35207\include\__msvc_bit_utils.hpp	23		
Error	C2334	unexpected token(s) preceding '{'; skipping apparent function body	Alpha126Cpp	C:\Program Files\Microsoft Visual Studio\2022\Community\VC\Tools\MSVC\14.44.35207\include\vector	29		
Error	C2334	unexpected token(s) preceding '{'; skipping apparent function body	Alpha126Cpp	C:\Program Files (x86)\Windows Kits\10\Include\10.0.26100.0\ucrt\ctype.h	19		
Error	C2334	unexpected token(s) preceding '{'; skipping apparent function body	Alpha126Cpp	C:\Program Files\Microsoft Visual Studio\2022\Community\VC\Tools\MSVC\14.44.35207\include\cctype	20		
Error	C2334	unexpected token(s) preceding '{'; skipping apparent function body	Alpha126Cpp	C:\Program Files\Microsoft Visual Studio\2022\Community\VC\Tools\MSVC\14.44.35207\include\string	23		
Error	C2334	unexpected token(s) preceding '{'; skipping apparent function body	Alpha126Cpp	D:\stupid shit\a126cpp\a126cpp\src\java\String.h	10		
Error	C2334	unexpected token(s) preceding '{'; skipping apparent function body	Alpha126Cpp	D:\stupid shit\a126cpp\a126cpp\src\util\Memory.h	7		
Error	C2334	unexpected token(s) preceding '{'; skipping apparent function body	Alpha126Cpp	C:\Program Files\Microsoft Visual Studio\2022\Community\VC\Tools\MSVC\14.44.35207\include\cmath	557		
Error	C2334	unexpected token(s) preceding '{'; skipping apparent function body	Alpha126Cpp	C:\Program Files\Microsoft Visual Studio\2022\Community\VC\Tools\MSVC\14.44.35207\include\cmath	573		
Error	C2334	unexpected token(s) preceding '{'; skipping apparent function body	Alpha126Cpp	C:\Program Files\Microsoft Visual Studio\2022\Community\VC\Tools\MSVC\14.44.35207\include\cmath	585		
Error	C2334	unexpected token(s) preceding '{'; skipping apparent function body	Alpha126Cpp	C:\Program Files\Microsoft Visual Studio\2022\Community\VC\Tools\MSVC\14.44.35207\include\cmath	836		
Error	C2334	unexpected token(s) preceding '{'; skipping apparent function body	Alpha126Cpp	C:\Program Files\Microsoft Visual Studio\2022\Community\VC\Tools\MSVC\14.44.35207\include\cmath	863		
Error	C2334	unexpected token(s) preceding '{'; skipping apparent function body	Alpha126Cpp	C:\Program Files\Microsoft Visual Studio\2022\Community\VC\Tools\MSVC\14.44.35207\include\cmath	865		
Error	C2334	unexpected token(s) preceding '{'; skipping apparent function body	Alpha126Cpp	C:\Program Files\Microsoft Visual Studio\2022\Community\VC\Tools\MSVC\14.44.35207\include\cmath	881		
Error	C2334	unexpected token(s) preceding '{'; skipping apparent function body	Alpha126Cpp	C:\Program Files\Microsoft Visual Studio\2022\Community\VC\Tools\MSVC\14.44.35207\include\cmath	882		
Error	C2334	unexpected token(s) preceding '{'; skipping apparent function body	Alpha126Cpp	C:\Program Files\Microsoft Visual Studio\2022\Community\VC\Tools\MSVC\14.44.35207\include\cmath	884		
Error	C2334	unexpected token(s) preceding '{'; skipping apparent function body	Alpha126Cpp	C:\Program Files\Microsoft Visual Studio\2022\Community\VC\Tools\MSVC\14.44.35207\include\cmath	886		
Error	C2334	unexpected token(s) preceding '{'; skipping apparent function body	Alpha126Cpp	C:\Program Files\Microsoft Visual Studio\2022\Community\VC\Tools\MSVC\14.44.35207\include\__msvc_bit_utils.hpp	23		
Error	C2334	unexpected token(s) preceding '{'; skipping apparent function body	Alpha126Cpp	C:\Program Files\Microsoft Visual Studio\2022\Community\VC\Tools\MSVC\14.44.35207\include\vector	29		
Error	C2334	unexpected token(s) preceding '{'; skipping apparent function body	Alpha126Cpp	D:\stupid shit\a126cpp\a126cpp\src\world\item\Items.h	10		
Error	C2334	unexpected token(s) preceding '{'; skipping apparent function body	Alpha126Cpp	D:\stupid shit\a126cpp\a126cpp\src\world\item\Items.cpp	8		
Error	C2334	unexpected token(s) preceding '{'; skipping apparent function body	Alpha126Cpp	D:\stupid shit\a126cpp\a126cpp\src\world\item\Items.h	10		
Error	C2334	unexpected token(s) preceding '{'; skipping apparent function body	Alpha126Cpp	D:\stupid shit\a126cpp\a126cpp\src\world\item\Items.h	10		
Error	C2988	unrecognizable template declaration/definition	Alpha126Cpp	C:\Program Files\Microsoft Visual Studio\2022\Community\VC\Tools\MSVC\14.44.35207\include\cmath	572		
Error	C2988	unrecognizable template declaration/definition	Alpha126Cpp	C:\Program Files\Microsoft Visual Studio\2022\Community\VC\Tools\MSVC\14.44.35207\include\cmath	585		
Error	C2988	unrecognizable template declaration/definition	Alpha126Cpp	C:\Program Files\Microsoft Visual Studio\2022\Community\VC\Tools\MSVC\14.44.35207\include\cmath	836		
Error	C2988	unrecognizable template declaration/definition	Alpha126Cpp	C:\Program Files\Microsoft Visual Studio\2022\Community\VC\Tools\MSVC\14.44.35207\include\cmath	863		
Error	C2988	unrecognizable template declaration/definition	Alpha126Cpp	C:\Program Files\Microsoft Visual Studio\2022\Community\VC\Tools\MSVC\14.44.35207\include\cmath	865		
Error	C2988	unrecognizable template declaration/definition	Alpha126Cpp	C:\Program Files\Microsoft Visual Studio\2022\Community\VC\Tools\MSVC\14.44.35207\include\cmath	881		
Error	C2988	unrecognizable template declaration/definition	Alpha126Cpp	C:\Program Files\Microsoft Visual Studio\2022\Community\VC\Tools\MSVC\14.44.35207\include\cmath	882		
Error	C2988	unrecognizable template declaration/definition	Alpha126Cpp	C:\Program Files\Microsoft Visual Studio\2022\Community\VC\Tools\MSVC\14.44.35207\include\cmath	884		
Error	C2988	unrecognizable template declaration/definition	Alpha126Cpp	C:\Program Files\Microsoft Visual Studio\2022\Community\VC\Tools\MSVC\14.44.35207\include\cmath	886		
Error	C2988	unrecognizable template declaration/definition	Alpha126Cpp	C:\Program Files\Microsoft Visual Studio\2022\Community\VC\Tools\MSVC\14.44.35207\include\cmath	888		
Error	C2988	unrecognizable template declaration/definition	Alpha126Cpp	C:\Program Files\Microsoft Visual Studio\2022\Community\VC\Tools\MSVC\14.44.35207\include\cmath	889		
Error	C2988	unrecognizable template declaration/definition	Alpha126Cpp	C:\Program Files\Microsoft Visual Studio\2022\Community\VC\Tools\MSVC\14.44.35207\include\cmath	572		
Error	C2988	unrecognizable template declaration/definition	Alpha126Cpp	C:\Program Files\Microsoft Visual Studio\2022\Community\VC\Tools\MSVC\14.44.35207\include\cmath	585		
Error	C2988	unrecognizable template declaration/definition	Alpha126Cpp	C:\Program Files\Microsoft Visual Studio\2022\Community\VC\Tools\MSVC\14.44.35207\include\cmath	836		
Error	C2988	unrecognizable template declaration/definition	Alpha126Cpp	C:\Program Files\Microsoft Visual Studio\2022\Community\VC\Tools\MSVC\14.44.35207\include\cmath	863		
Error	C2988	unrecognizable template declaration/definition	Alpha126Cpp	C:\Program Files\Microsoft Visual Studio\2022\Community\VC\Tools\MSVC\14.44.35207\include\cmath	865		
Error	C2988	unrecognizable template declaration/definition	Alpha126Cpp	C:\Program Files\Microsoft Visual Studio\2022\Community\VC\Tools\MSVC\14.44.35207\include\cmath	881		
Error	C2988	unrecognizable template declaration/definition	Alpha126Cpp	C:\Program Files\Microsoft Visual Studio\2022\Community\VC\Tools\MSVC\14.44.35207\include\cmath	882		
Error	C2988	unrecognizable template declaration/definition	Alpha126Cpp	C:\Program Files\Microsoft Visual Studio\2022\Community\VC\Tools\MSVC\14.44.35207\include\cmath	884		
Error	C2988	unrecognizable template declaration/definition	Alpha126Cpp	C:\Program Files\Microsoft Visual Studio\2022\Community\VC\Tools\MSVC\14.44.35207\include\cmath	886		
Error	C2988	unrecognizable template declaration/definition	Alpha126Cpp	C:\Program Files\Microsoft Visual Studio\2022\Community\VC\Tools\MSVC\14.44.35207\include\cmath	888		
Error	C2988	unrecognizable template declaration/definition	Alpha126Cpp	C:\Program Files\Microsoft Visual Studio\2022\Community\VC\Tools\MSVC\14.44.35207\include\cmath	889		
Error	C2988	unrecognizable template declaration/definition	Alpha126Cpp	C:\Program Files\Microsoft Visual Studio\2022\Community\VC\Tools\MSVC\14.44.35207\include\cmath	890		
Error	C2988	unrecognizable template declaration/definition	Alpha126Cpp	C:\Program Files\Microsoft Visual Studio\2022\Community\VC\Tools\MSVC\14.44.35207\include\cmath	572		
Error	C2988	unrecognizable template declaration/definition	Alpha126Cpp	C:\Program Files\Microsoft Visual Studio\2022\Community\VC\Tools\MSVC\14.44.35207\include\cmath	585		
Error	C2988	unrecognizable template declaration/definition	Alpha126Cpp	C:\Program Files\Microsoft Visual Studio\2022\Community\VC\Tools\MSVC\14.44.35207\include\cmath	836		
Error	C2988	unrecognizable template declaration/definition	Alpha126Cpp	C:\Program Files\Microsoft Visual Studio\2022\Community\VC\Tools\MSVC\14.44.35207\include\cmath	863		
Error	C2988	unrecognizable template declaration/definition	Alpha126Cpp	C:\Program Files\Microsoft Visual Studio\2022\Community\VC\Tools\MSVC\14.44.35207\include\cmath	865		
Error	C2988	unrecognizable template declaration/definition	Alpha126Cpp	C:\Program Files\Microsoft Visual Studio\2022\Community\VC\Tools\MSVC\14.44.35207\include\cmath	881		
Error	C2988	unrecognizable template declaration/definition	Alpha126Cpp	C:\Program Files\Microsoft Visual Studio\2022\Community\VC\Tools\MSVC\14.44.35207\include\cmath	882		
Error	C2988	unrecognizable template declaration/definition	Alpha126Cpp	C:\Program Files\Microsoft Visual Studio\2022\Community\VC\Tools\MSVC\14.44.35207\include\cmath	884		
Error	C2988	unrecognizable template declaration/definition	Alpha126Cpp	C:\Program Files\Microsoft Visual Studio\2022\Community\VC\Tools\MSVC\14.44.35207\include\cmath	886		
Error	C2988	unrecognizable template declaration/definition	Alpha126Cpp	C:\Program Files\Microsoft Visual Studio\2022\Community\VC\Tools\MSVC\14.44.35207\include\cmath	888		
